Archive member included to satisfy reference by file (symbol)

d:/ac6/systemworkbench/plugins/fr.ac6.mcu.externaltools.arm-none.win32_1.16.0.201807130628/tools/compiler/bin/../lib/gcc/arm-none-eabi/7.2.1/../../../../arm-none-eabi/lib/thumb/v7e-m/fpv4-sp/hard\libc_nano.a(lib_a-exit.o)
                              d:/ac6/systemworkbench/plugins/fr.ac6.mcu.externaltools.arm-none.win32_1.16.0.201807130628/tools/compiler/bin/../lib/gcc/arm-none-eabi/7.2.1/../../../../arm-none-eabi/lib/thumb/v7e-m/fpv4-sp/hard/crt0.o (exit)
d:/ac6/systemworkbench/plugins/fr.ac6.mcu.externaltools.arm-none.win32_1.16.0.201807130628/tools/compiler/bin/../lib/gcc/arm-none-eabi/7.2.1/../../../../arm-none-eabi/lib/thumb/v7e-m/fpv4-sp/hard\libc_nano.a(lib_a-impure.o)
                              d:/ac6/systemworkbench/plugins/fr.ac6.mcu.externaltools.arm-none.win32_1.16.0.201807130628/tools/compiler/bin/../lib/gcc/arm-none-eabi/7.2.1/../../../../arm-none-eabi/lib/thumb/v7e-m/fpv4-sp/hard\libc_nano.a(lib_a-exit.o) (_global_impure_ptr)
d:/ac6/systemworkbench/plugins/fr.ac6.mcu.externaltools.arm-none.win32_1.16.0.201807130628/tools/compiler/bin/../lib/gcc/arm-none-eabi/7.2.1/../../../../arm-none-eabi/lib/thumb/v7e-m/fpv4-sp/hard\libc_nano.a(lib_a-init.o)
                              d:/ac6/systemworkbench/plugins/fr.ac6.mcu.externaltools.arm-none.win32_1.16.0.201807130628/tools/compiler/bin/../lib/gcc/arm-none-eabi/7.2.1/../../../../arm-none-eabi/lib/thumb/v7e-m/fpv4-sp/hard/crt0.o (__libc_init_array)
d:/ac6/systemworkbench/plugins/fr.ac6.mcu.externaltools.arm-none.win32_1.16.0.201807130628/tools/compiler/bin/../lib/gcc/arm-none-eabi/7.2.1/../../../../arm-none-eabi/lib/thumb/v7e-m/fpv4-sp/hard\libc_nano.a(lib_a-memcmp.o)
                              Middlewares/Third_Party/lwIP/src/netif/etharp.o (memcmp)
d:/ac6/systemworkbench/plugins/fr.ac6.mcu.externaltools.arm-none.win32_1.16.0.201807130628/tools/compiler/bin/../lib/gcc/arm-none-eabi/7.2.1/../../../../arm-none-eabi/lib/thumb/v7e-m/fpv4-sp/hard\libc_nano.a(lib_a-memcpy-stub.o)
                              Middlewares/Third_Party/lwIP/src/core/pbuf.o (memcpy)
d:/ac6/systemworkbench/plugins/fr.ac6.mcu.externaltools.arm-none.win32_1.16.0.201807130628/tools/compiler/bin/../lib/gcc/arm-none-eabi/7.2.1/../../../../arm-none-eabi/lib/thumb/v7e-m/fpv4-sp/hard\libc_nano.a(lib_a-memset.o)
                              d:/ac6/systemworkbench/plugins/fr.ac6.mcu.externaltools.arm-none.win32_1.16.0.201807130628/tools/compiler/bin/../lib/gcc/arm-none-eabi/7.2.1/../../../../arm-none-eabi/lib/thumb/v7e-m/fpv4-sp/hard/crt0.o (memset)
d:/ac6/systemworkbench/plugins/fr.ac6.mcu.externaltools.arm-none.win32_1.16.0.201807130628/tools/compiler/bin/../lib/gcc/arm-none-eabi/7.2.1/../../../../arm-none-eabi/lib/thumb/v7e-m/fpv4-sp/hard\libc_nano.a(lib_a-strlen.o)
                              Middlewares/Third_Party/lwIP/src/core/pbuf.o (strlen)
d:/ac6/systemworkbench/plugins/fr.ac6.mcu.externaltools.arm-none.win32_1.16.0.201807130628/tools/compiler/bin/../lib/gcc/arm-none-eabi/7.2.1/../../../../arm-none-eabi/lib/thumb/v7e-m/fpv4-sp/hard\libnosys.a(_exit.o)
                              d:/ac6/systemworkbench/plugins/fr.ac6.mcu.externaltools.arm-none.win32_1.16.0.201807130628/tools/compiler/bin/../lib/gcc/arm-none-eabi/7.2.1/../../../../arm-none-eabi/lib/thumb/v7e-m/fpv4-sp/hard\libc_nano.a(lib_a-exit.o) (_exit)

Allocating common symbols
Common symbol       size              file

current_iphdr_src   0x4               Middlewares/Third_Party/lwIP/src/core/ipv4/ip.o
netif_list          0x4               Middlewares/Third_Party/lwIP/src/core/netif.o
tcp_active_pcbs_changed
                    0x1               Middlewares/Third_Party/lwIP/src/core/tcp.o
tcp_active_pcbs     0x4               Middlewares/Third_Party/lwIP/src/core/tcp.o
udp_pcbs            0x4               Middlewares/Third_Party/lwIP/src/core/udp.o
current_netif       0x4               Middlewares/Third_Party/lwIP/src/core/ipv4/ip.o
tcp_ticks           0x4               Middlewares/Third_Party/lwIP/src/core/tcp.o
tcp_listen_pcbs     0x4               Middlewares/Third_Party/lwIP/src/core/tcp.o
current_iphdr_dest  0x4               Middlewares/Third_Party/lwIP/src/core/ipv4/ip.o
gnetif              0x38              Src/main.o
EncHandle           0x630             Src/ethernetif.o
uwTick              0x4               Drivers/STM32F4xx_HAL_Driver/Src/stm32f4xx_hal.o
pFlash              0x20              Drivers/STM32F4xx_HAL_Driver/Src/stm32f4xx_hal_flash.o
tcp_tmp_pcb         0x4               Middlewares/Third_Party/lwIP/src/core/tcp.o
tcp_input_pcb       0x4               Middlewares/Third_Party/lwIP/src/core/tcp_in.o
current_header      0x4               Middlewares/Third_Party/lwIP/src/core/ipv4/ip.o
dhcp_rx_options_given
                    0xa               Middlewares/Third_Party/lwIP/src/core/dhcp.o
tcp_bound_pcbs      0x4               Middlewares/Third_Party/lwIP/src/core/tcp.o
hspi1               0x58              Src/main.o
[...]
Memory Configuration

Name             Origin             Length             Attributes
RAM              0x20000000         0x00020000         xrw
CCMRAM           0x10000000         0x00010000         rw
FLASH            0x08000000         0x00080000         xr
*default*        0x00000000         0xffffffff

Linker script and memory map

LOAD d:/ac6/systemworkbench/plugins/fr.ac6.mcu.externaltools.arm-none.win32_1.16.0.201807130628/tools/compiler/bin/../lib/gcc/arm-none-eabi/7.2.1/thumb/v7e-m/fpv4-sp/hard/crti.o
LOAD d:/ac6/systemworkbench/plugins/fr.ac6.mcu.externaltools.arm-none.win32_1.16.0.201807130628/tools/compiler/bin/../lib/gcc/arm-none-eabi/7.2.1/thumb/v7e-m/fpv4-sp/hard/crtbegin.o
LOAD d:/ac6/systemworkbench/plugins/fr.ac6.mcu.externaltools.arm-none.win32_1.16.0.201807130628/tools/compiler/bin/../lib/gcc/arm-none-eabi/7.2.1/../../../../arm-none-eabi/lib/thumb/v7e-m/fpv4-sp/hard/crt0.o
LOAD Drivers/STM32F4xx_HAL_Driver/Src/stm32f4xx_hal.o
LOAD Drivers/STM32F4xx_HAL_Driver/Src/stm32f4xx_hal_cortex.o
LOAD Drivers/STM32F4xx_HAL_Driver/Src/stm32f4xx_hal_dma.o
LOAD Drivers/STM32F4xx_HAL_Driver/Src/stm32f4xx_hal_dma_ex.o
LOAD Drivers/STM32F4xx_HAL_Driver/Src/stm32f4xx_hal_flash.o
LOAD Drivers/STM32F4xx_HAL_Driver/Src/stm32f4xx_hal_flash_ex.o
LOAD Drivers/STM32F4xx_HAL_Driver/Src/stm32f4xx_hal_flash_ramfunc.o
LOAD Drivers/STM32F4xx_HAL_Driver/Src/stm32f4xx_hal_gpio.o
LOAD Drivers/STM32F4xx_HAL_Driver/Src/stm32f4xx_hal_pwr.o
LOAD Drivers/STM32F4xx_HAL_Driver/Src/stm32f4xx_hal_pwr_ex.o
LOAD Drivers/STM32F4xx_HAL_Driver/Src/stm32f4xx_hal_rcc.o
LOAD Drivers/STM32F4xx_HAL_Driver/Src/stm32f4xx_hal_rcc_ex.o
LOAD Drivers/STM32F4xx_HAL_Driver/Src/stm32f4xx_hal_spi.o
LOAD Drivers/STM32F4xx_HAL_Driver/Src/stm32f4xx_hal_tim.o
LOAD Drivers/STM32F4xx_HAL_Driver/Src/stm32f4xx_hal_tim_ex.o
LOAD Middlewares/Third_Party/lwIP/src/api/api_lib.o
LOAD Middlewares/Third_Party/lwIP/src/api/api_msg.o
LOAD Middlewares/Third_Party/lwIP/src/api/err.o
LOAD Middlewares/Third_Party/lwIP/src/api/netbuf.o
LOAD Middlewares/Third_Party/lwIP/src/api/netdb.o
LOAD Middlewares/Third_Party/lwIP/src/api/netifapi.o
LOAD Middlewares/Third_Party/lwIP/src/api/sockets.o
LOAD Middlewares/Third_Party/lwIP/src/api/tcpip.o
LOAD Middlewares/Third_Party/lwIP/src/core/def.o
LOAD Middlewares/Third_Party/lwIP/src/core/dhcp.o
LOAD Middlewares/Third_Party/lwIP/src/core/dns.o
LOAD Middlewares/Third_Party/lwIP/src/core/init.o
LOAD Middlewares/Third_Party/lwIP/src/core/mem.o
LOAD Middlewares/Third_Party/lwIP/src/core/memp.o
LOAD Middlewares/Third_Party/lwIP/src/core/netif.o
LOAD Middlewares/Third_Party/lwIP/src/core/pbuf.o
LOAD Middlewares/Third_Party/lwIP/src/core/raw.o
LOAD Middlewares/Third_Party/lwIP/src/core/stats.o
LOAD Middlewares/Third_Party/lwIP/src/core/sys.o
LOAD Middlewares/Third_Party/lwIP/src/core/tcp.o
LOAD Middlewares/Third_Party/lwIP/src/core/tcp_in.o
LOAD Middlewares/Third_Party/lwIP/src/core/tcp_out.o
LOAD Middlewares/Third_Party/lwIP/src/core/timers.o
LOAD Middlewares/Third_Party/lwIP/src/core/udp.o
LOAD Middlewares/Third_Party/lwIP/src/core/ipv4/autoip.o
LOAD Middlewares/Third_Party/lwIP/src/core/ipv4/icmp.o
LOAD Middlewares/Third_Party/lwIP/src/core/ipv4/igmp.o
LOAD Middlewares/Third_Party/lwIP/src/core/ipv4/inet.o
LOAD Middlewares/Third_Party/lwIP/src/core/ipv4/inet_chksum.o
LOAD Middlewares/Third_Party/lwIP/src/core/ipv4/ip.o
LOAD Middlewares/Third_Party/lwIP/src/core/ipv4/ip_addr.o
LOAD Middlewares/Third_Party/lwIP/src/core/ipv4/ip_frag.o
LOAD Middlewares/Third_Party/lwIP/src/netif/etharp.o
LOAD Middlewares/Third_Party/lwIP/src/netif/ethernetif.o
LOAD Middlewares/Third_Party/lwIP/src/netif/slipif.o
LOAD Middlewares/Third_Party/lwIP/src/netif/ppp/auth.o
LOAD Middlewares/Third_Party/lwIP/src/netif/ppp/chap.o
LOAD Middlewares/Third_Party/lwIP/src/netif/ppp/chpms.o
LOAD Middlewares/Third_Party/lwIP/src/netif/ppp/fsm.o
LOAD Middlewares/Third_Party/lwIP/src/netif/ppp/ipcp.o
LOAD Middlewares/Third_Party/lwIP/src/netif/ppp/lcp.o
LOAD Middlewares/Third_Party/lwIP/src/netif/ppp/magic.o
LOAD Middlewares/Third_Party/lwIP/src/netif/ppp/md5.o
LOAD Middlewares/Third_Party/lwIP/src/netif/ppp/pap.o
LOAD Middlewares/Third_Party/lwIP/src/netif/ppp/ppp.o
LOAD Middlewares/Third_Party/lwIP/src/netif/ppp/ppp_oe.o
LOAD Middlewares/Third_Party/lwIP/src/netif/ppp/randm.o
LOAD Middlewares/Third_Party/lwIP/src/netif/ppp/vj.o
LOAD Src/app_ethernet.o
LOAD Src/enc28j60.o
LOAD Src/ethernetif.o
LOAD Src/main.o
LOAD Src/stm32f4xx_hal_msp.o
LOAD Src/stm32f4xx_it.o
LOAD Src/system_stm32f4xx.o
LOAD Src/tcp_echoserver.o
LOAD startup/startup_stm32f407xx.o
LOAD d:/ac6/systemworkbench/plugins/fr.ac6.mcu.externaltools.arm-none.win32_1.16.0.201807130628/tools/compiler/bin/../lib/gcc/arm-none-eabi/7.2.1/../../../../arm-none-eabi/lib/thumb/v7e-m/fpv4-sp/hard\libm.a
START GROUP
LOAD d:/ac6/systemworkbench/plugins/fr.ac6.mcu.externaltools.arm-none.win32_1.16.0.201807130628/tools/compiler/bin/../lib/gcc/arm-none-eabi/7.2.1/thumb/v7e-m/fpv4-sp/hard\libgcc.a
LOAD d:/ac6/systemworkbench/plugins/fr.ac6.mcu.externaltools.arm-none.win32_1.16.0.201807130628/tools/compiler/bin/../lib/gcc/arm-none-eabi/7.2.1/../../../../arm-none-eabi/lib/thumb/v7e-m/fpv4-sp/hard\libc_nano.a
END GROUP
START GROUP
LOAD d:/ac6/systemworkbench/plugins/fr.ac6.mcu.externaltools.arm-none.win32_1.16.0.201807130628/tools/compiler/bin/../lib/gcc/arm-none-eabi/7.2.1/thumb/v7e-m/fpv4-sp/hard\libgcc.a
LOAD d:/ac6/systemworkbench/plugins/fr.ac6.mcu.externaltools.arm-none.win32_1.16.0.201807130628/tools/compiler/bin/../lib/gcc/arm-none-eabi/7.2.1/../../../../arm-none-eabi/lib/thumb/v7e-m/fpv4-sp/hard\libc_nano.a
LOAD d:/ac6/systemworkbench/plugins/fr.ac6.mcu.externaltools.arm-none.win32_1.16.0.201807130628/tools/compiler/bin/../lib/gcc/arm-none-eabi/7.2.1/../../../../arm-none-eabi/lib/thumb/v7e-m/fpv4-sp/hard\libnosys.a
END GROUP
START GROUP
LOAD d:/ac6/systemworkbench/plugins/fr.ac6.mcu.externaltools.arm-none.win32_1.16.0.201807130628/tools/compiler/bin/../lib/gcc/arm-none-eabi/7.2.1/thumb/v7e-m/fpv4-sp/hard\libgcc.a
LOAD d:/ac6/systemworkbench/plugins/fr.ac6.mcu.externaltools.arm-none.win32_1.16.0.201807130628/tools/compiler/bin/../lib/gcc/arm-none-eabi/7.2.1/../../../../arm-none-eabi/lib/thumb/v7e-m/fpv4-sp/hard\libc_nano.a
LOAD d:/ac6/systemworkbench/plugins/fr.ac6.mcu.externaltools.arm-none.win32_1.16.0.201807130628/tools/compiler/bin/../lib/gcc/arm-none-eabi/7.2.1/../../../../arm-none-eabi/lib/thumb/v7e-m/fpv4-sp/hard\libnosys.a
END GROUP
LOAD d:/ac6/systemworkbench/plugins/fr.ac6.mcu.externaltools.arm-none.win32_1.16.0.201807130628/tools/compiler/bin/../lib/gcc/arm-none-eabi/7.2.1/thumb/v7e-m/fpv4-sp/hard/crtend.o
LOAD d:/ac6/systemworkbench/plugins/fr.ac6.mcu.externaltools.arm-none.win32_1.16.0.201807130628/tools/compiler/bin/../lib/gcc/arm-none-eabi/7.2.1/thumb/v7e-m/fpv4-sp/hard/crtn.o
                0x20020000                _estack = 0x20020000
                0x00002000                _Min_Heap_Size = 0x2000
                0x00004000                _Min_Stack_Size = 0x4000

.isr_vector     0x08000000      0x188
                0x08000000                . = ALIGN (0x4)
 *(.isr_vector)
 .isr_vector    0x08000000      0x188 startup/startup_stm32f407xx.o
                0x08000000                g_pfnVectors
                0x08000188                . = ALIGN (0x4)

.text           0x08000188     0x7224
                0x08000188                . = ALIGN (0x4)
 *(.text)
 .text          0x08000188       0x40 d:/ac6/systemworkbench/plugins/fr.ac6.mcu.externaltools.arm-none.win32_1.16.0.201807130628/tools/compiler/bin/../lib/gcc/arm-none-eabi/7.2.1/thumb/v7e-m/fpv4-sp/hard/crtbegin.o
 *(.text*)
 .text.HAL_InitTick
                0x080001c8       0x2c Drivers/STM32F4xx_HAL_Driver/Src/stm32f4xx_hal.o
                0x080001c8                HAL_InitTick
 .text.HAL_Init
                0x080001f4       0x34 Drivers/STM32F4xx_HAL_Driver/Src/stm32f4xx_hal.o
                0x080001f4                HAL_Init
 .text.HAL_IncTick
                0x08000228       0x10 Drivers/STM32F4xx_HAL_Driver/Src/stm32f4xx_hal.o
                0x08000228                HAL_IncTick
 .text.HAL_GetTick
                0x08000238        0xc Drivers/STM32F4xx_HAL_Driver/Src/stm32f4xx_hal.o
                0x08000238                HAL_GetTick
 .text.HAL_Delay
                0x08000244       0x24 Drivers/STM32F4xx_HAL_Driver/Src/stm32f4xx_hal.o
                0x08000244                HAL_Delay
 .text.HAL_NVIC_SetPriorityGrouping
                0x08000268       0x24 Drivers/STM32F4xx_HAL_Driver/Src/stm32f4xx_hal_cortex.o
                0x08000268                HAL_NVIC_SetPriorityGrouping
 .text.HAL_NVIC_SetPriority
                0x0800028c       0x68 Drivers/STM32F4xx_HAL_Driver/Src/stm32f4xx_hal_cortex.o
                0x0800028c                HAL_NVIC_SetPriority
 .text.HAL_NVIC_EnableIRQ
                0x080002f4       0x18 Drivers/STM32F4xx_HAL_Driver/Src/stm32f4xx_hal_cortex.o
                0x080002f4                HAL_NVIC_EnableIRQ
 .text.HAL_NVIC_DisableIRQ
                0x0800030c       0x18 Drivers/STM32F4xx_HAL_Driver/Src/stm32f4xx_hal_cortex.o
                0x0800030c                HAL_NVIC_DisableIRQ
 .text.HAL_SYSTICK_Config
                0x08000324       0x2c Drivers/STM32F4xx_HAL_Driver/Src/stm32f4xx_hal_cortex.o
                0x08000324                HAL_SYSTICK_Config
 .text.HAL_SYSTICK_CLKSourceConfig
                0x08000350       0x20 Drivers/STM32F4xx_HAL_Driver/Src/stm32f4xx_hal_cortex.o
                0x08000350                HAL_SYSTICK_CLKSourceConfig
 .text.HAL_SYSTICK_Callback
                0x08000370        0x2 Drivers/STM32F4xx_HAL_Driver/Src/stm32f4xx_hal_cortex.o
                0x08000370                HAL_SYSTICK_Callback
 .text.HAL_SYSTICK_IRQHandler
                0x08000372        0x8 Drivers/STM32F4xx_HAL_Driver/Src/stm32f4xx_hal_cortex.o
                0x08000372                HAL_SYSTICK_IRQHandler
 *fill*         0x0800037a        0x2 
 .text.HAL_GPIO_Init
                0x0800037c      0x1c8 Drivers/STM32F4xx_HAL_Driver/Src/stm32f4xx_hal_gpio.o
                0x0800037c                HAL_GPIO_Init
 .text.HAL_GPIO_WritePin
                0x08000544        0xc Drivers/STM32F4xx_HAL_Driver/Src/stm32f4xx_hal_gpio.o
                0x08000544                HAL_GPIO_WritePin
 .text.HAL_RCC_OscConfig
                0x08000550      0x3b0 Drivers/STM32F4xx_HAL_Driver/Src/stm32f4xx_hal_rcc.o
                0x08000550                HAL_RCC_OscConfig
 .text.HAL_RCC_GetSysClockFreq
                0x08000900       0x94 Drivers/STM32F4xx_HAL_Driver/Src/stm32f4xx_hal_rcc.o
                0x08000900                HAL_RCC_GetSysClockFreq
 .text.HAL_RCC_ClockConfig
                0x08000994      0x19c Drivers/STM32F4xx_HAL_Driver/Src/stm32f4xx_hal_rcc.o
                0x08000994                HAL_RCC_ClockConfig
 .text.HAL_RCC_GetHCLKFreq
                0x08000b30        0xc Drivers/STM32F4xx_HAL_Driver/Src/stm32f4xx_hal_rcc.o
                0x08000b30                HAL_RCC_GetHCLKFreq
 .text.SPI_WaitFlagStateUntilTimeout
                0x08000b3c       0x96 Drivers/STM32F4xx_HAL_Driver/Src/stm32f4xx_hal_spi.o
 .text.SPI_CheckFlag_BSY
                0x08000bd2       0x28 Drivers/STM32F4xx_HAL_Driver/Src/stm32f4xx_hal_spi.o
 .text.HAL_SPI_Init
                0x08000bfa       0x80 Drivers/STM32F4xx_HAL_Driver/Src/stm32f4xx_hal_spi.o
                0x08000bfa                HAL_SPI_Init
 .text.HAL_SPI_Transmit
                0x08000c7a      0x1a6 Drivers/STM32F4xx_HAL_Driver/Src/stm32f4xx_hal_spi.o
                0x08000c7a                HAL_SPI_Transmit
 .text.HAL_SPI_TransmitReceive
                0x08000e20      0x238 Drivers/STM32F4xx_HAL_Driver/Src/stm32f4xx_hal_spi.o
                0x08000e20                HAL_SPI_TransmitReceive
 .text.HAL_SPI_Receive
                0x08001058      0x168 Drivers/STM32F4xx_HAL_Driver/Src/stm32f4xx_hal_spi.o
                0x08001058                HAL_SPI_Receive
 .text.lwip_htons
                0x080011c0        0xa Middlewares/Third_Party/lwIP/src/core/def.o
                0x080011c0                lwip_htons
 .text.lwip_ntohs
                0x080011ca        0x8 Middlewares/Third_Party/lwIP/src/core/def.o
                0x080011ca                lwip_ntohs
 .text.lwip_htonl
                0x080011d2       0x18 Middlewares/Third_Party/lwIP/src/core/def.o
                0x080011d2                lwip_htonl
 .text.lwip_ntohl
                0x080011ea        0x8 Middlewares/Third_Party/lwIP/src/core/def.o
                0x080011ea                lwip_ntohl
 .text.dhcp_set_state
                0x080011f2       0x10 Middlewares/Third_Party/lwIP/src/core/dhcp.o
 .text.dhcp_option
                0x08001202       0x22 Middlewares/Third_Party/lwIP/src/core/dhcp.o
 .text.dhcp_option_byte
                0x08001224       0x16 Middlewares/Third_Party/lwIP/src/core/dhcp.o
 .text.dhcp_option_short
                0x0800123a       0x26 Middlewares/Third_Party/lwIP/src/core/dhcp.o
 .text.dhcp_option_long
                0x08001260       0x4a Middlewares/Third_Party/lwIP/src/core/dhcp.o
 .text.dhcp_option_trailer
                0x080012aa       0x36 Middlewares/Third_Party/lwIP/src/core/dhcp.o
 .text.dhcp_create_msg
                0x080012e0      0x164 Middlewares/Third_Party/lwIP/src/core/dhcp.o
 .text.dhcp_delete_msg
                0x08001444       0x18 Middlewares/Third_Party/lwIP/src/core/dhcp.o
 .text.dhcp_rebind
                0x0800145c       0x98 Middlewares/Third_Party/lwIP/src/core/dhcp.o
 .text.dhcp_t2_timeout
                0x080014f4       0x18 Middlewares/Third_Party/lwIP/src/core/dhcp.o
 .text.dhcp_discover
                0x0800150c       0xc0 Middlewares/Third_Party/lwIP/src/core/dhcp.o
 .text.dhcp_select
                0x080015cc       0xec Middlewares/Third_Party/lwIP/src/core/dhcp.o
 .text.dhcp_reboot
                0x080016b8       0xb0 Middlewares/Third_Party/lwIP/src/core/dhcp.o
 .text.dhcp_decline
                0x08001768       0x74 Middlewares/Third_Party/lwIP/src/core/dhcp.o
 .text.dhcp_check
                0x080017dc       0x26 Middlewares/Third_Party/lwIP/src/core/dhcp.o
 *fill*         0x08001802        0x2 
 .text.dhcp_bind
                0x08001804       0xdc Middlewares/Third_Party/lwIP/src/core/dhcp.o
 .text.dhcp_arp_reply
                0x080018e0       0x24 Middlewares/Third_Party/lwIP/src/core/dhcp.o
                0x080018e0                dhcp_arp_reply
 .text.dhcp_renew
                0x08001904       0x94 Middlewares/Third_Party/lwIP/src/core/dhcp.o
                0x08001904                dhcp_renew
 .text.dhcp_t1_timeout
                0x08001998       0x18 Middlewares/Third_Party/lwIP/src/core/dhcp.o
 .text.dhcp_coarse_tmr
                0x080019b0       0x3c Middlewares/Third_Party/lwIP/src/core/dhcp.o
                0x080019b0                dhcp_coarse_tmr
 .text.dhcp_release
                0x080019ec       0xb8 Middlewares/Third_Party/lwIP/src/core/dhcp.o
                0x080019ec                dhcp_release
 .text.dhcp_timeout
                0x08001aa4       0x86 Middlewares/Third_Party/lwIP/src/core/dhcp.o
 *fill*         0x08001b2a        0x2 
 .text.dhcp_fine_tmr
                0x08001b2c       0x34 Middlewares/Third_Party/lwIP/src/core/dhcp.o
                0x08001b2c                dhcp_fine_tmr
 .text.lwip_init
                0x08001b60       0x1c Middlewares/Third_Party/lwIP/src/core/init.o
                0x08001b60                lwip_init
 .text.plug_holes
                0x08001b7c       0x60 Middlewares/Third_Party/lwIP/src/core/mem.o
 .text.mem_init
                0x08001bdc       0x34 Middlewares/Third_Party/lwIP/src/core/mem.o
                0x08001bdc                mem_init
 .text.mem_free
                0x08001c10       0x38 Middlewares/Third_Party/lwIP/src/core/mem.o
                0x08001c10                mem_free
 .text.mem_trim
                0x08001c48       0xc8 Middlewares/Third_Party/lwIP/src/core/mem.o
                0x08001c48                mem_trim
 .text.mem_malloc
                0x08001d10       0xb4 Middlewares/Third_Party/lwIP/src/core/mem.o
                0x08001d10                mem_malloc
 .text.memp_init
                0x08001dc4       0x60 Middlewares/Third_Party/lwIP/src/core/memp.o
                0x08001dc4                memp_init
 .text.memp_malloc
                0x08001e24       0x20 Middlewares/Third_Party/lwIP/src/core/memp.o
                0x08001e24                memp_malloc
 .text.memp_free
                0x08001e44       0x18 Middlewares/Third_Party/lwIP/src/core/memp.o
                0x08001e44                memp_free
 .text.netif_init
                0x08001e5c        0x2 Middlewares/Third_Party/lwIP/src/core/netif.o
                0x08001e5c                netif_init
 *fill*         0x08001e5e        0x2 
 .text.netif_set_ipaddr
                0x08001e60       0x60 Middlewares/Third_Party/lwIP/src/core/netif.o
                0x08001e60                netif_set_ipaddr
 .text.netif_set_gw
                0x08001ec0        0xc Middlewares/Third_Party/lwIP/src/core/netif.o
                0x08001ec0                netif_set_gw
 .text.netif_set_netmask
                0x08001ecc        0xc Middlewares/Third_Party/lwIP/src/core/netif.o
                0x08001ecc                netif_set_netmask
 .text.netif_set_addr
                0x08001ed8       0x1e Middlewares/Third_Party/lwIP/src/core/netif.o
                0x08001ed8                netif_set_addr
 *fill*         0x08001ef6        0x2 
 .text.netif_add
                0x08001ef8       0x4c Middlewares/Third_Party/lwIP/src/core/netif.o
                0x08001ef8                netif_add
 .text.netif_set_default
                0x08001f44        0xc Middlewares/Third_Party/lwIP/src/core/netif.o
                0x08001f44                netif_set_default
 .text.netif_set_up
                0x08001f50       0x2a Middlewares/Third_Party/lwIP/src/core/netif.o
                0x08001f50                netif_set_up
 .text.netif_set_down
                0x08001f7a       0x22 Middlewares/Third_Party/lwIP/src/core/netif.o
                0x08001f7a                netif_set_down
 .text.netif_set_link_callback
                0x08001f9c        0x6 Middlewares/Third_Party/lwIP/src/core/netif.o
                0x08001f9c                netif_set_link_callback
 .text.pbuf_alloced_custom
                0x08001fa2       0x5e Middlewares/Third_Party/lwIP/src/core/pbuf.o
                0x08001fa2                pbuf_alloced_custom
 .text.pbuf_header
                0x08002000       0x7e Middlewares/Third_Party/lwIP/src/core/pbuf.o
                0x08002000                pbuf_header
 .text.pbuf_free
                0x0800207e       0x58 Middlewares/Third_Party/lwIP/src/core/pbuf.o
                0x0800207e                pbuf_free
 .text.pbuf_alloc
                0x080020d6      0x118 Middlewares/Third_Party/lwIP/src/core/pbuf.o
                0x080020d6                pbuf_alloc
 .text.pbuf_realloc
                0x080021ee       0x52 Middlewares/Third_Party/lwIP/src/core/pbuf.o
                0x080021ee                pbuf_realloc
 .text.pbuf_clen
                0x08002240       0x12 Middlewares/Third_Party/lwIP/src/core/pbuf.o
                0x08002240                pbuf_clen
 .text.pbuf_ref
                0x08002252        0xa Middlewares/Third_Party/lwIP/src/core/pbuf.o
                0x08002252                pbuf_ref
 .text.pbuf_cat
                0x0800225c       0x2e Middlewares/Third_Party/lwIP/src/core/pbuf.o
                0x0800225c                pbuf_cat
 .text.pbuf_chain
                0x0800228a       0x10 Middlewares/Third_Party/lwIP/src/core/pbuf.o
                0x0800228a                pbuf_chain
 .text.pbuf_copy
                0x0800229a       0xbc Middlewares/Third_Party/lwIP/src/core/pbuf.o
                0x0800229a                pbuf_copy
 .text.pbuf_copy_partial
                0x08002356       0x5e Middlewares/Third_Party/lwIP/src/core/pbuf.o
                0x08002356                pbuf_copy_partial
 .text.raw_input
                0x080023b4       0x7c Middlewares/Third_Party/lwIP/src/core/raw.o
                0x080023b4                raw_input
 .text.tcp_accept_null
                0x08002430        0x6 Middlewares/Third_Party/lwIP/src/core/tcp.o
 *fill*         0x08002436        0x2 
 .text.tcp_new_port
                0x08002438       0x64 Middlewares/Third_Party/lwIP/src/core/tcp.o
 .text.tcp_init
                0x0800249c        0x2 Middlewares/Third_Party/lwIP/src/core/tcp.o
                0x0800249c                tcp_init
 *fill*         0x0800249e        0x2 
 .text.tcp_bind
                0x080024a0       0x94 Middlewares/Third_Party/lwIP/src/core/tcp.o
                0x080024a0                tcp_bind
 .text.tcp_listen_with_backlog
                0x08002534       0xa8 Middlewares/Third_Party/lwIP/src/core/tcp.o
                0x08002534                tcp_listen_with_backlog
 .text.tcp_update_rcv_ann_wnd
                0x080025dc       0x3c Middlewares/Third_Party/lwIP/src/core/tcp.o
                0x080025dc                tcp_update_rcv_ann_wnd
 .text.tcp_recved
                0x08002618       0x36 Middlewares/Third_Party/lwIP/src/core/tcp.o
                0x08002618                tcp_recved
 .text.tcp_seg_free
                0x0800264e       0x1a Middlewares/Third_Party/lwIP/src/core/tcp.o
                0x0800264e                tcp_seg_free
 .text.tcp_segs_free
                0x08002668       0x14 Middlewares/Third_Party/lwIP/src/core/tcp.o
                0x08002668                tcp_segs_free
 .text.tcp_setprio
                0x0800267c        0x4 Middlewares/Third_Party/lwIP/src/core/tcp.o
                0x0800267c                tcp_setprio
 .text.tcp_arg  0x08002680        0x4 Middlewares/Third_Party/lwIP/src/core/tcp.o
                0x08002680                tcp_arg
 .text.tcp_recv
                0x08002684        0x4 Middlewares/Third_Party/lwIP/src/core/tcp.o
                0x08002684                tcp_recv
 .text.tcp_sent
                0x08002688        0x4 Middlewares/Third_Party/lwIP/src/core/tcp.o
                0x08002688                tcp_sent
 .text.tcp_err  0x0800268c        0x6 Middlewares/Third_Party/lwIP/src/core/tcp.o
                0x0800268c                tcp_err
 .text.tcp_accept
                0x08002692        0x4 Middlewares/Third_Party/lwIP/src/core/tcp.o
                0x08002692                tcp_accept
 .text.tcp_poll
                0x08002696        0xa Middlewares/Third_Party/lwIP/src/core/tcp.o
                0x08002696                tcp_poll
 .text.tcp_pcb_purge
                0x080026a0       0x3c Middlewares/Third_Party/lwIP/src/core/tcp.o
                0x080026a0                tcp_pcb_purge
 .text.tcp_slowtmr
                0x080026dc      0x2d0 Middlewares/Third_Party/lwIP/src/core/tcp.o
                0x080026dc                tcp_slowtmr
 .text.tcp_pcb_remove
                0x080029ac       0x60 Middlewares/Third_Party/lwIP/src/core/tcp.o
                0x080029ac                tcp_pcb_remove
 .text.tcp_close_shutdown
                0x08002a0c      0x178 Middlewares/Third_Party/lwIP/src/core/tcp.o
 .text.tcp_close
                0x08002b84       0x18 Middlewares/Third_Party/lwIP/src/core/tcp.o
                0x08002b84                tcp_close
 .text.tcp_recv_null
                0x08002b9c       0x24 Middlewares/Third_Party/lwIP/src/core/tcp.o
                0x08002b9c                tcp_recv_null
 .text.tcp_process_refused_data
                0x08002bc0       0x66 Middlewares/Third_Party/lwIP/src/core/tcp.o
                0x08002bc0                tcp_process_refused_data
 *fill*         0x08002c26        0x2 
 .text.tcp_fasttmr
                0x08002c28       0x68 Middlewares/Third_Party/lwIP/src/core/tcp.o
                0x08002c28                tcp_fasttmr
 .text.tcp_tmr  0x08002c90       0x24 Middlewares/Third_Party/lwIP/src/core/tcp.o
                0x08002c90                tcp_tmr
 .text.tcp_abandon
                0x08002cb4       0x8c Middlewares/Third_Party/lwIP/src/core/tcp.o
                0x08002cb4                tcp_abandon
 .text.tcp_abort
                0x08002d40        0xa Middlewares/Third_Party/lwIP/src/core/tcp.o
                0x08002d40                tcp_abort
 *fill*         0x08002d4a        0x2 
 .text.tcp_kill_timewait
                0x08002d4c       0x34 Middlewares/Third_Party/lwIP/src/core/tcp.o
 .text.tcp_kill_prio
                0x08002d80       0x44 Middlewares/Third_Party/lwIP/src/core/tcp.o
 .text.tcp_next_iss
                0x08002dc4       0x18 Middlewares/Third_Party/lwIP/src/core/tcp.o
                0x08002dc4                tcp_next_iss
 .text.tcp_alloc
                0x08002ddc       0xbc Middlewares/Third_Party/lwIP/src/core/tcp.o
                0x08002ddc                tcp_alloc
 .text.tcp_new  0x08002e98        0xa Middlewares/Third_Party/lwIP/src/core/tcp.o
                0x08002e98                tcp_new
 .text.tcp_eff_send_mss
                0x08002ea2       0x1e Middlewares/Third_Party/lwIP/src/core/tcp.o
                0x08002ea2                tcp_eff_send_mss
 .text.tcp_parseopt
                0x08002ec0       0x90 Middlewares/Third_Party/lwIP/src/core/tcp_in.o
 .text.tcp_timewait_input
                0x08002f50       0x84 Middlewares/Third_Party/lwIP/src/core/tcp_in.o
 .text.tcp_listen_input
                0x08002fd4       0xf8 Middlewares/Third_Party/lwIP/src/core/tcp_in.o
 .text.tcp_receive
                0x080030cc      0x4d4 Middlewares/Third_Party/lwIP/src/core/tcp_in.o
 .text.tcp_process
                0x080035a0      0x47c Middlewares/Third_Party/lwIP/src/core/tcp_in.o
 .text.tcp_input
                0x08003a1c      0x37c Middlewares/Third_Party/lwIP/src/core/tcp_in.o
                0x08003a1c                tcp_input
 .text.tcp_write_checks
                0x08003d98       0x4e Middlewares/Third_Party/lwIP/src/core/tcp_out.o
 .text.tcp_pbuf_prealloc
                0x08003de6       0x62 Middlewares/Third_Party/lwIP/src/core/tcp_out.o
 .text.tcp_create_segment
                0x08003e48       0xaa Middlewares/Third_Party/lwIP/src/core/tcp_out.o
 .text.tcp_output_alloc_header
                0x08003ef2       0x6e Middlewares/Third_Party/lwIP/src/core/tcp_out.o
 .text.tcp_output_segment
                0x08003f60       0xd8 Middlewares/Third_Party/lwIP/src/core/tcp_out.o
 .text.tcp_write
                0x08004038      0x312 Middlewares/Third_Party/lwIP/src/core/tcp_out.o
                0x08004038                tcp_write
 .text.tcp_enqueue_flags
                0x0800434a       0xc8 Middlewares/Third_Party/lwIP/src/core/tcp_out.o
                0x0800434a                tcp_enqueue_flags
 .text.tcp_send_fin
                0x08004412       0x46 Middlewares/Third_Party/lwIP/src/core/tcp_out.o
                0x08004412                tcp_send_fin
 .text.tcp_send_empty_ack
                0x08004458       0x5e Middlewares/Third_Party/lwIP/src/core/tcp_out.o
                0x08004458                tcp_send_empty_ack
 *fill*         0x080044b6        0x2 
 .text.tcp_output
                0x080044b8      0x1b8 Middlewares/Third_Party/lwIP/src/core/tcp_out.o
                0x080044b8                tcp_output
 .text.tcp_rst  0x08004670       0x8e Middlewares/Third_Party/lwIP/src/core/tcp_out.o
                0x08004670                tcp_rst
 .text.tcp_rexmit_rto
                0x080046fe       0x30 Middlewares/Third_Party/lwIP/src/core/tcp_out.o
                0x080046fe                tcp_rexmit_rto
 .text.tcp_rexmit
                0x0800472e       0x50 Middlewares/Third_Party/lwIP/src/core/tcp_out.o
                0x0800472e                tcp_rexmit
 .text.tcp_rexmit_fast
                0x0800477e       0x5a Middlewares/Third_Party/lwIP/src/core/tcp_out.o
                0x0800477e                tcp_rexmit_fast
 .text.tcp_keepalive
                0x080047d8       0x50 Middlewares/Third_Party/lwIP/src/core/tcp_out.o
                0x080047d8                tcp_keepalive
 .text.tcp_zero_window_probe
                0x08004828       0xb0 Middlewares/Third_Party/lwIP/src/core/tcp_out.o
                0x08004828                tcp_zero_window_probe
 .text.sys_timeout
                0x080048d8       0x68 Middlewares/Third_Party/lwIP/src/core/timers.o
                0x080048d8                sys_timeout
 .text.tcp_timer_needed
                0x08004940       0x3c Middlewares/Third_Party/lwIP/src/core/timers.o
                0x08004940                tcp_timer_needed
 .text.tcpip_tcp_timer
                0x0800497c       0x38 Middlewares/Third_Party/lwIP/src/core/timers.o
 .text.sys_timeouts_init
                0x080049b4       0x50 Middlewares/Third_Party/lwIP/src/core/timers.o
                0x080049b4                sys_timeouts_init
 .text.dhcp_timer_fine
                0x08004a04       0x18 Middlewares/Third_Party/lwIP/src/core/timers.o
 .text.dhcp_timer_coarse
                0x08004a1c       0x18 Middlewares/Third_Party/lwIP/src/core/timers.o
 .text.arp_timer
                0x08004a34       0x18 Middlewares/Third_Party/lwIP/src/core/timers.o
 .text.ip_reass_timer
                0x08004a4c       0x18 Middlewares/Third_Party/lwIP/src/core/timers.o
 .text.sys_check_timeouts
                0x08004a64       0x44 Middlewares/Third_Party/lwIP/src/core/timers.o
                0x08004a64                sys_check_timeouts
 .text.udp_new_port
                0x08004aa8       0x4c Middlewares/Third_Party/lwIP/src/core/udp.o
 .text.udp_init
                0x08004af4        0x2 Middlewares/Third_Party/lwIP/src/core/udp.o
                0x08004af4                udp_init
 *fill*         0x08004af6        0x2 
 .text.udp_input
                0x08004af8      0x1c4 Middlewares/Third_Party/lwIP/src/core/udp.o
                0x08004af8                udp_input
 .text.udp_bind
                0x08004cbc       0x80 Middlewares/Third_Party/lwIP/src/core/udp.o
                0x08004cbc                udp_bind
 .text.udp_sendto_if
                0x08004d3c       0xea Middlewares/Third_Party/lwIP/src/core/udp.o
                0x08004d3c                udp_sendto_if
 .text.icmp_send_response
                0x08004e26       0x98 Middlewares/Third_Party/lwIP/src/core/ipv4/icmp.o
 *fill*         0x08004ebe        0x2 
 .text.icmp_input
                0x08004ec0      0x148 Middlewares/Third_Party/lwIP/src/core/ipv4/icmp.o
                0x08004ec0                icmp_input
 .text.icmp_dest_unreach
                0x08005008        0xc Middlewares/Third_Party/lwIP/src/core/ipv4/icmp.o
                0x08005008                icmp_dest_unreach
 .text.icmp_time_exceeded
                0x08005014        0xc Middlewares/Third_Party/lwIP/src/core/ipv4/icmp.o
                0x08005014                icmp_time_exceeded
 .text.lwip_standard_chksum
                0x08005020       0x60 Middlewares/Third_Party/lwIP/src/core/ipv4/inet_chksum.o
 .text.inet_chksum_pseudo
                0x08005080       0x8a Middlewares/Third_Party/lwIP/src/core/ipv4/inet_chksum.o
                0x08005080                inet_chksum_pseudo
 .text.inet_chksum
                0x0800510a        0xc Middlewares/Third_Party/lwIP/src/core/ipv4/inet_chksum.o
                0x0800510a                inet_chksum
 .text.inet_chksum_pbuf
                0x08005116       0x4a Middlewares/Third_Party/lwIP/src/core/ipv4/inet_chksum.o
                0x08005116                inet_chksum_pbuf
 .text.ip_route
                0x08005160       0x70 Middlewares/Third_Party/lwIP/src/core/ipv4/ip.o
                0x08005160                ip_route
 .text.ip_input
                0x080051d0      0x1a4 Middlewares/Third_Party/lwIP/src/core/ipv4/ip.o
                0x080051d0                ip_input
 .text.ip_output_if
                0x08005374       0xe4 Middlewares/Third_Party/lwIP/src/core/ipv4/ip.o
                0x08005374                ip_output_if
 .text.ip_output
                0x08005458       0x38 Middlewares/Third_Party/lwIP/src/core/ipv4/ip.o
                0x08005458                ip_output
 .text.ip4_addr_isbroadcast
                0x08005490       0x40 Middlewares/Third_Party/lwIP/src/core/ipv4/ip_addr.o
                0x08005490                ip4_addr_isbroadcast
 .text.ip_reass_dequeue_datagram
                0x080054d0       0x24 Middlewares/Third_Party/lwIP/src/core/ipv4/ip_frag.o
 .text.ip_reass_free_complete_datagram
                0x080054f4       0x80 Middlewares/Third_Party/lwIP/src/core/ipv4/ip_frag.o
 .text.ip_reass_remove_oldest_datagram
                0x08005574       0x74 Middlewares/Third_Party/lwIP/src/core/ipv4/ip_frag.o
 .text.ip_frag_free_pbuf_custom_ref
                0x080055e8        0xc Middlewares/Third_Party/lwIP/src/core/ipv4/ip_frag.o
 .text.ipfrag_free_pbuf_custom
                0x080055f4       0x14 Middlewares/Third_Party/lwIP/src/core/ipv4/ip_frag.o
 .text.ip_reass_chain_frag_into_datagram_and_validate
                0x08005608      0x104 Middlewares/Third_Party/lwIP/src/core/ipv4/ip_frag.o
 .text.ip_frag_alloc_pbuf_custom_ref
                0x0800570c        0xa Middlewares/Third_Party/lwIP/src/core/ipv4/ip_frag.o
 *fill*         0x08005716        0x2 
 .text.ip_reass_enqueue_new_datagram
                0x08005718       0x64 Middlewares/Third_Party/lwIP/src/core/ipv4/ip_frag.o
 .text.ip_reass_tmr
                0x0800577c       0x2c Middlewares/Third_Party/lwIP/src/core/ipv4/ip_frag.o
                0x0800577c                ip_reass_tmr
 .text.ip_reass
                0x080057a8      0x18c Middlewares/Third_Party/lwIP/src/core/ipv4/ip_frag.o
                0x080057a8                ip_reass
 .text.ip_frag  0x08005934      0x1a0 Middlewares/Third_Party/lwIP/src/core/ipv4/ip_frag.o
                0x08005934                ip_frag
 .text.etharp_free_entry
                0x08005ad4       0x44 Middlewares/Third_Party/lwIP/src/netif/etharp.o
 .text.etharp_find_entry
                0x08005b18      0x130 Middlewares/Third_Party/lwIP/src/netif/etharp.o
 .text.etharp_send_ip
                0x08005c48       0x24 Middlewares/Third_Party/lwIP/src/netif/etharp.o
 .text.etharp_update_arp_entry
                0x08005c6c       0x94 Middlewares/Third_Party/lwIP/src/netif/etharp.o
 .text.etharp_raw
                0x08005d00       0xa2 Middlewares/Third_Party/lwIP/src/netif/etharp.o
 .text.etharp_arp_input
                0x08005da2      0x10a Middlewares/Third_Party/lwIP/src/netif/etharp.o
 .text.etharp_tmr
                0x08005eac       0x60 Middlewares/Third_Party/lwIP/src/netif/etharp.o
                0x08005eac                etharp_tmr
 .text.etharp_cleanup_netif
                0x08005f0c       0x38 Middlewares/Third_Party/lwIP/src/netif/etharp.o
                0x08005f0c                etharp_cleanup_netif
 .text.etharp_request
                0x08005f44       0x2c Middlewares/Third_Party/lwIP/src/netif/etharp.o
                0x08005f44                etharp_request
 .text.etharp_output_to_arp_index
                0x08005f70       0x68 Middlewares/Third_Party/lwIP/src/netif/etharp.o
 .text.etharp_query
                0x08005fd8      0x134 Middlewares/Third_Party/lwIP/src/netif/etharp.o
                0x08005fd8                etharp_query
 .text.etharp_output
                0x0800610c      0x118 Middlewares/Third_Party/lwIP/src/netif/etharp.o
                0x0800610c                etharp_output
 .text.ethernet_input
                0x08006224       0x98 Middlewares/Third_Party/lwIP/src/netif/etharp.o
                0x08006224                ethernet_input
 .text.User_notification
                0x080062bc       0x28 Src/app_ethernet.o
                0x080062bc                User_notification
 .text.ethernetif_notify_conn_changed
                0x080062e4       0x70 Src/app_ethernet.o
                0x080062e4                ethernetif_notify_conn_changed
 .text.enc_wrgreg2
                0x08006354       0x1c Src/enc28j60.o
 .text.enc_rdgreg2
                0x08006370       0x1e Src/enc28j60.o
 *fill*         0x0800638e        0x2 
 .text.calibrate
                0x08006390       0x54 Src/enc28j60.o
 .text.enc_waitgreg
                0x080063e4       0x36 Src/enc28j60.o
 .text.enc_waitwhilegreg
                0x0800641a       0x34 Src/enc28j60.o
 .text.enc_rdbuffer
                0x0800644e       0x1e Src/enc28j60.o
 .text.up_udelay
                0x0800646c       0x24 Src/enc28j60.o
                0x0800646c                up_udelay
 .text.enc_reset
                0x08006490       0x16 Src/enc28j60.o
                0x08006490                enc_reset
 .text.enc_setbank
                0x080064a6       0x24 Src/enc28j60.o
                0x080064a6                enc_setbank
 .text.enc_rdbreg
                0x080064ca       0x3c Src/enc28j60.o
 .text.enc_waitbreg
                0x08006506       0x38 Src/enc28j60.o
 .text.enc_wrbreg
                0x0800653e       0x2e Src/enc28j60.o
 .text.enc_wrphy
                0x0800656c       0x36 Src/enc28j60.o
 .text.ENC_Start
                0x080065a2      0x196 Src/enc28j60.o
                0x080065a2                ENC_Start
 .text.ENC_SetMacAddr
                0x08006738       0x4c Src/enc28j60.o
                0x08006738                ENC_SetMacAddr
 .text.ENC_WriteBuffer
                0x08006784       0x1e Src/enc28j60.o
                0x08006784                ENC_WriteBuffer
 .text.ENC_RestoreTXBuffer
                0x080067a2       0x88 Src/enc28j60.o
                0x080067a2                ENC_RestoreTXBuffer
 .text.ENC_Transmit
                0x0800682a       0x96 Src/enc28j60.o
                0x0800682a                ENC_Transmit
 .text.ENC_GetReceivedFrame
                0x080068c0       0xae Src/enc28j60.o
                0x080068c0                ENC_GetReceivedFrame
 *fill*         0x0800696e        0x2 
 .text.low_level_input
                0x08006970       0x4c Src/ethernetif.o
 .text.low_level_output
                0x080069bc       0x40 Src/ethernetif.o
 .text.MX_SPI1_Init
                0x080069fc       0x38 Src/ethernetif.o
                0x080069fc                MX_SPI1_Init
 .text.ENC_MSPInit
                0x08006a34       0x90 Src/ethernetif.o
                0x08006a34                ENC_MSPInit
 .text.low_level_init
                0x08006ac4       0x70 Src/ethernetif.o
 .text.ethernetif_input
                0x08006b34       0x1e Src/ethernetif.o
                0x08006b34                ethernetif_input
 *fill*         0x08006b52        0x2 
 .text.ethernetif_init
                0x08006b54       0x28 Src/ethernetif.o
                0x08006b54                ethernetif_init
 .text.sys_now  0x08006b7c        0x8 Src/ethernetif.o
                0x08006b7c                sys_now
 .text.ethernetif_update_config
                0x08006b84       0x1c Src/ethernetif.o
                0x08006b84                ethernetif_update_config
 .text.ethernet_transmit
                0x08006ba0       0x10 Src/ethernetif.o
                0x08006ba0                ethernet_transmit
 .text.ENC_SPI_SendWithoutSelection
                0x08006bb0       0x28 Src/ethernetif.o
                0x08006bb0                ENC_SPI_SendWithoutSelection
 .text.ENC_SPI_Send
                0x08006bd8       0x5c Src/ethernetif.o
                0x08006bd8                ENC_SPI_Send
 .text.ENC_SPI_SendBuf
                0x08006c34       0x7c Src/ethernetif.o
                0x08006c34                ENC_SPI_SendBuf
 .text.ENC_SPI_Select
                0x08006cb0       0x38 Src/ethernetif.o
                0x08006cb0                ENC_SPI_Select
 .text.Netif_Config
                0x08006ce8       0x6c Src/main.o
 .text.MX_GPIO_Init
                0x08006d54       0xc0 Src/main.o
 .text._Error_Handler
                0x08006e14        0x2 Src/main.o
                0x08006e14                _Error_Handler
 *fill*         0x08006e16        0x2 
 .text.MX_SPI1_Init
                0x08006e18       0x48 Src/main.o
 .text.SystemClock_Config
                0x08006e60       0xc4 Src/main.o
                0x08006e60                SystemClock_Config
 .text.main     0x08006f24       0x38 Src/main.o
                0x08006f24                main
 .text.HAL_MspInit
                0x08006f5c       0x5e Src/stm32f4xx_hal_msp.o
                0x08006f5c                HAL_MspInit
 *fill*         0x08006fba        0x2 
 .text.HAL_SPI_MspInit
                0x08006fbc       0x50 Src/stm32f4xx_hal_msp.o
                0x08006fbc                HAL_SPI_MspInit
 .text.NMI_Handler
                0x0800700c        0x2 Src/stm32f4xx_it.o
                0x0800700c                NMI_Handler
 .text.HardFault_Handler
                0x0800700e        0x2 Src/stm32f4xx_it.o
                0x0800700e                HardFault_Handler
 .text.MemManage_Handler
                0x08007010        0x2 Src/stm32f4xx_it.o
                0x08007010                MemManage_Handler
 .text.BusFault_Handler
                0x08007012        0x2 Src/stm32f4xx_it.o
                0x08007012                BusFault_Handler
 .text.UsageFault_Handler
                0x08007014        0x2 Src/stm32f4xx_it.o
                0x08007014                UsageFault_Handler
 .text.SVC_Handler
                0x08007016        0x2 Src/stm32f4xx_it.o
                0x08007016                SVC_Handler
 .text.DebugMon_Handler
                0x08007018        0x2 Src/stm32f4xx_it.o
                0x08007018                DebugMon_Handler
 .text.PendSV_Handler
                0x0800701a        0x2 Src/stm32f4xx_it.o
                0x0800701a                PendSV_Handler
 .text.SysTick_Handler
                0x0800701c        0xc Src/stm32f4xx_it.o
                0x0800701c                SysTick_Handler
 .text.SystemInit
                0x08007028       0x4c Src/system_stm32f4xx.o
                0x08007028                SystemInit
 .text.tcp_echoserver_send
                0x08007074       0x58 Src/tcp_echoserver.o
 .text.tcp_echoserver_error
                0x080070cc        0xc Src/tcp_echoserver.o
 .text.tcp_echoserver_connection_close
                0x080070d8       0x3e Src/tcp_echoserver.o
 *fill*         0x08007116        0x2 
 .text.tcp_echoserver_accept
                0x08007118       0x5c Src/tcp_echoserver.o
 .text.tcp_echoserver_poll
                0x08007174       0x36 Src/tcp_echoserver.o
 *fill*         0x080071aa        0x2 
 .text.tcp_echoserver_recv
                0x080071ac       0xa0 Src/tcp_echoserver.o
 .text.tcp_echoserver_sent
                0x0800724c       0x24 Src/tcp_echoserver.o
 .text.tcp_echoserver_init
                0x08007270       0x44 Src/tcp_echoserver.o
                0x08007270                tcp_echoserver_init
 .text.Reset_Handler
                0x080072b4       0x50 startup/startup_stm32f407xx.o
                0x080072b4                Reset_Handler
 .text.Default_Handler
                0x08007304        0x2 startup/startup_stm32f407xx.o
                0x08007304                RTC_Alarm_IRQHandler
                0x08007304                HASH_RNG_IRQHandler
                0x08007304                EXTI2_IRQHandler
                0x08007304                TIM8_CC_IRQHandler
                0x08007304                TIM1_CC_IRQHandler
                0x08007304                DMA2_Stream5_IRQHandler
                0x08007304                DMA1_Stream5_IRQHandler
                0x08007304                PVD_IRQHandler
                0x08007304                SDIO_IRQHandler
                0x08007304                TAMP_STAMP_IRQHandler
                0x08007304                CAN2_RX1_IRQHandler
                0x08007304                EXTI3_IRQHandler
                0x08007304                TIM8_TRG_COM_TIM14_IRQHandler
                0x08007304                TIM1_UP_TIM10_IRQHandler
                0x08007304                TIM8_UP_TIM13_IRQHandler
                0x08007304                I2C3_ER_IRQHandler
                0x08007304                EXTI0_IRQHandler
                0x08007304                I2C2_EV_IRQHandler
                0x08007304                DMA1_Stream2_IRQHandler
                0x08007304                CAN1_RX0_IRQHandler
                0x08007304                FPU_IRQHandler
                0x08007304                OTG_HS_WKUP_IRQHandler
                0x08007304                CAN2_SCE_IRQHandler
                0x08007304                DMA2_Stream2_IRQHandler
                0x08007304                SPI1_IRQHandler
                0x08007304                TIM6_DAC_IRQHandler
                0x08007304                TIM1_BRK_TIM9_IRQHandler
                0x08007304                DCMI_IRQHandler
                0x08007304                CAN2_RX0_IRQHandler
                0x08007304                DMA2_Stream3_IRQHandler
                0x08007304                USART6_IRQHandler
                0x08007304                USART3_IRQHandler
                0x08007304                CAN1_RX1_IRQHandler
                0x08007304                UART5_IRQHandler
                0x08007304                DMA2_Stream0_IRQHandler
                0x08007304                TIM4_IRQHandler
                0x08007304                I2C1_EV_IRQHandler
                0x08007304                DMA1_Stream6_IRQHandler
                0x08007304                DMA1_Stream1_IRQHandler
                0x08007304                UART4_IRQHandler
                0x08007304                TIM3_IRQHandler
                0x08007304                RCC_IRQHandler
                0x08007304                TIM8_BRK_TIM12_IRQHandler
                0x08007304                Default_Handler
                0x08007304                EXTI15_10_IRQHandler
                0x08007304                ADC_IRQHandler
                0x08007304                DMA1_Stream7_IRQHandler
                0x08007304                TIM7_IRQHandler
                0x08007304                CAN2_TX_IRQHandler
                0x08007304                TIM5_IRQHandler
                0x08007304                DMA2_Stream7_IRQHandler
                0x08007304                I2C3_EV_IRQHandler
                0x08007304                EXTI9_5_IRQHandler
                0x08007304                RTC_WKUP_IRQHandler
                0x08007304                ETH_WKUP_IRQHandler
                0x08007304                SPI2_IRQHandler
                0x08007304                OTG_HS_EP1_IN_IRQHandler
                0x08007304                DMA1_Stream0_IRQHandler
                0x08007304                CAN1_TX_IRQHandler
                0x08007304                EXTI4_IRQHandler
                0x08007304                FSMC_IRQHandler
                0x08007304                ETH_IRQHandler
                0x08007304                OTG_HS_EP1_OUT_IRQHandler
                0x08007304                WWDG_IRQHandler
                0x08007304                TIM2_IRQHandler
                0x08007304                OTG_FS_WKUP_IRQHandler
                0x08007304                TIM1_TRG_COM_TIM11_IRQHandler
                0x08007304                OTG_HS_IRQHandler
                0x08007304                EXTI1_IRQHandler
                0x08007304                USART2_IRQHandler
                0x08007304                I2C2_ER_IRQHandler
                0x08007304                DMA2_Stream1_IRQHandler
                0x08007304                CAN1_SCE_IRQHandler
                0x08007304                FLASH_IRQHandler
                0x08007304                DMA2_Stream4_IRQHandler
                0x08007304                USART1_IRQHandler
                0x08007304                OTG_FS_IRQHandler
                0x08007304                SPI3_IRQHandler
                0x08007304                DMA1_Stream4_IRQHandler
                0x08007304                I2C1_ER_IRQHandler
                0x08007304                DMA2_Stream6_IRQHandler
                0x08007304                DMA1_Stream3_IRQHandler
 *fill*         0x08007306        0x2 
 .text.__libc_init_array
                0x08007308       0x48 d:/ac6/systemworkbench/plugins/fr.ac6.mcu.externaltools.arm-none.win32_1.16.0.201807130628/tools/compiler/bin/../lib/gcc/arm-none-eabi/7.2.1/../../../../arm-none-eabi/lib/thumb/v7e-m/fpv4-sp/hard\libc_nano.a(lib_a-init.o)
                0x08007308                __libc_init_array
 .text.memcmp   0x08007350       0x1e d:/ac6/systemworkbench/plugins/fr.ac6.mcu.externaltools.arm-none.win32_1.16.0.201807130628/tools/compiler/bin/../lib/gcc/arm-none-eabi/7.2.1/../../../../arm-none-eabi/lib/thumb/v7e-m/fpv4-sp/hard\libc_nano.a(lib_a-memcmp.o)
                0x08007350                memcmp
 .text.memcpy   0x0800736e       0x16 d:/ac6/systemworkbench/plugins/fr.ac6.mcu.externaltools.arm-none.win32_1.16.0.201807130628/tools/compiler/bin/../lib/gcc/arm-none-eabi/7.2.1/../../../../arm-none-eabi/lib/thumb/v7e-m/fpv4-sp/hard\libc_nano.a(lib_a-memcpy-stub.o)
                0x0800736e                memcpy
 .text.memset   0x08007384       0x10 d:/ac6/systemworkbench/plugins/fr.ac6.mcu.externaltools.arm-none.win32_1.16.0.201807130628/tools/compiler/bin/../lib/gcc/arm-none-eabi/7.2.1/../../../../arm-none-eabi/lib/thumb/v7e-m/fpv4-sp/hard\libc_nano.a(lib_a-memset.o)
                0x08007384                memset
 *(.glue_7)
 .glue_7        0x08007394        0x0 linker stubs
 *(.glue_7t)
 .glue_7t       0x08007394        0x0 linker stubs
 *(.eh_frame)
 .eh_frame      0x08007394        0x0 d:/ac6/systemworkbench/plugins/fr.ac6.mcu.externaltools.arm-none.win32_1.16.0.201807130628/tools/compiler/bin/../lib/gcc/arm-none-eabi/7.2.1/thumb/v7e-m/fpv4-sp/hard/crtbegin.o
 *(.init)
 .init          0x08007394        0x4 d:/ac6/systemworkbench/plugins/fr.ac6.mcu.externaltools.arm-none.win32_1.16.0.201807130628/tools/compiler/bin/../lib/gcc/arm-none-eabi/7.2.1/thumb/v7e-m/fpv4-sp/hard/crti.o
                0x08007394                _init
 .init          0x08007398        0x8 d:/ac6/systemworkbench/plugins/fr.ac6.mcu.externaltools.arm-none.win32_1.16.0.201807130628/tools/compiler/bin/../lib/gcc/arm-none-eabi/7.2.1/thumb/v7e-m/fpv4-sp/hard/crtn.o
 *(.fini)
 .fini          0x080073a0        0x4 d:/ac6/systemworkbench/plugins/fr.ac6.mcu.externaltools.arm-none.win32_1.16.0.201807130628/tools/compiler/bin/../lib/gcc/arm-none-eabi/7.2.1/thumb/v7e-m/fpv4-sp/hard/crti.o
                0x080073a0                _fini
 .fini          0x080073a4        0x8 d:/ac6/systemworkbench/plugins/fr.ac6.mcu.externaltools.arm-none.win32_1.16.0.201807130628/tools/compiler/bin/../lib/gcc/arm-none-eabi/7.2.1/thumb/v7e-m/fpv4-sp/hard/crtn.o
                0x080073ac                . = ALIGN (0x4)
                0x080073ac                _etext = .

.vfp11_veneer   0x080073ac        0x0
 .vfp11_veneer  0x080073ac        0x0 linker stubs

.v4_bx          0x080073ac        0x0
 .v4_bx         0x080073ac        0x0 linker stubs

.iplt           0x080073ac        0x0
 .iplt          0x080073ac        0x0 d:/ac6/systemworkbench/plugins/fr.ac6.mcu.externaltools.arm-none.win32_1.16.0.201807130628/tools/compiler/bin/../lib/gcc/arm-none-eabi/7.2.1/thumb/v7e-m/fpv4-sp/hard/crtbegin.o

.rodata         0x080073ac      0x134
                0x080073ac                . = ALIGN (0x4)
 *(.rodata)
 .rodata        0x080073ac       0x28 Middlewares/Third_Party/lwIP/src/core/memp.o
 .rodata        0x080073d4       0x54 Middlewares/Third_Party/lwIP/src/core/tcp.o
                0x080073d4                tcp_pcb_lists
                0x080073e4                tcp_persist_backoff
                0x080073ec                tcp_backoff
                0x080073fc                tcp_state_str
 .rodata        0x08007428        0x8 Middlewares/Third_Party/lwIP/src/core/ipv4/ip_addr.o
                0x08007428                ip_addr_broadcast
                0x0800742c                ip_addr_any
 .rodata        0x08007430        0xe Middlewares/Third_Party/lwIP/src/netif/etharp.o
                0x08007430                ethbroadcast
                0x08007438                ethzero
 *fill*         0x0800743e        0x2 
 .rodata        0x08007440       0x18 Src/system_stm32f4xx.o
                0x08007440                AHBPrescTable
                0x08007450                APBPrescTable
 *(.rodata*)
 .rodata.str1.4
                0x08007458       0x76 Middlewares/Third_Party/lwIP/src/core/tcp.o
 *fill*         0x080074ce        0x2 
 .rodata.str1.4
                0x080074d0       0x10 Src/main.o
                                  0xe (size before relaxing)
                0x080074e0                . = ALIGN (0x4)

.rel.dyn        0x080074e0        0x0
 .rel.iplt      0x080074e0        0x0 d:/ac6/systemworkbench/plugins/fr.ac6.mcu.externaltools.arm-none.win32_1.16.0.201807130628/tools/compiler/bin/../lib/gcc/arm-none-eabi/7.2.1/thumb/v7e-m/fpv4-sp/hard/crtbegin.o

.ARM.extab
 *(.ARM.extab* .gnu.linkonce.armextab.*)

.ARM            0x080074e0        0x0
                0x080074e0                __exidx_start = .
 *(.ARM.exidx*)
                0x080074e0                __exidx_end = .

.preinit_array  0x080074e0        0x0
                0x080074e0                PROVIDE (__preinit_array_start, .)
 *(.preinit_array*)
                0x080074e0                PROVIDE (__preinit_array_end, .)

.init_array     0x080074e0        0x4
                0x080074e0                PROVIDE (__init_array_start, .)
 *(SORT_BY_NAME(.init_array.*))
 *(.init_array*)
 .init_array    0x080074e0        0x4 d:/ac6/systemworkbench/plugins/fr.ac6.mcu.externaltools.arm-none.win32_1.16.0.201807130628/tools/compiler/bin/../lib/gcc/arm-none-eabi/7.2.1/thumb/v7e-m/fpv4-sp/hard/crtbegin.o
                0x080074e4                PROVIDE (__init_array_end, .)

.fini_array     0x080074e4        0x4
                [!provide]                PROVIDE (__fini_array_start, .)
 *(SORT_BY_NAME(.fini_array.*))
 *(.fini_array*)
 .fini_array    0x080074e4        0x4 d:/ac6/systemworkbench/plugins/fr.ac6.mcu.externaltools.arm-none.win32_1.16.0.201807130628/tools/compiler/bin/../lib/gcc/arm-none-eabi/7.2.1/thumb/v7e-m/fpv4-sp/hard/crtbegin.o
                [!provide]                PROVIDE (__fini_array_end, .)
                0x080074e8                _sidata = LOADADDR (.data)

.data           0x20000000       0x14 load address 0x080074e8
                0x20000000                . = ALIGN (0x4)
                0x20000000                _sdata = .
 *(.data)
 .data          0x20000000        0x4 Middlewares/Third_Party/lwIP/src/core/dhcp.o
 .data          0x20000004        0x8 Middlewares/Third_Party/lwIP/src/core/tcp.o
 .data          0x2000000c        0x2 Middlewares/Third_Party/lwIP/src/core/udp.o
 *fill*         0x2000000e        0x2 
 .data          0x20000010        0x4 Src/system_stm32f4xx.o
                0x20000010                SystemCoreClock
 *(.data*)
                0x20000014                . = ALIGN (0x4)
                0x20000014                _edata = .
                0x080074fc                _siccmram = LOADADDR (.ccmram)

.igot.plt       0x20000014        0x0 load address 0x080074fc
 .igot.plt      0x20000014        0x0 d:/ac6/systemworkbench/plugins/fr.ac6.mcu.externaltools.arm-none.win32_1.16.0.201807130628/tools/compiler/bin/../lib/gcc/arm-none-eabi/7.2.1/thumb/v7e-m/fpv4-sp/hard/crtbegin.o

.ccmram         0x10000000        0x0 load address 0x080074fc
                0x10000000                . = ALIGN (0x4)
                0x10000000                _sccmram = .
 *(.ccmram)
 *(.ccmram*)
                0x10000000                . = ALIGN (0x4)
                0x10000000                _eccmram = .
                0x10000000                . = ALIGN (0x4)

.bss            0x20000014     0x5524
                0x20000014                _sbss = .
                0x20000014                __bss_start__ = _sbss
 *(.bss)
 .bss           0x20000014       0x1c d:/ac6/systemworkbench/plugins/fr.ac6.mcu.externaltools.arm-none.win32_1.16.0.201807130628/tools/compiler/bin/../lib/gcc/arm-none-eabi/7.2.1/thumb/v7e-m/fpv4-sp/hard/crtbegin.o
 .bss           0x20000030        0xc Middlewares/Third_Party/lwIP/src/core/mem.o
 .bss           0x2000003c     0x24c3 Middlewares/Third_Party/lwIP/src/core/memp.o
 .bss           0x200024ff        0x1 Middlewares/Third_Party/lwIP/src/core/netif.o
 .bss           0x20002500        0x4 Middlewares/Third_Party/lwIP/src/core/raw.o
 .bss           0x20002504        0x2 Middlewares/Third_Party/lwIP/src/core/tcp.o
 *fill*         0x20002506        0x2 
 .bss           0x20002508       0x2d Middlewares/Third_Party/lwIP/src/core/tcp_in.o
 *fill*         0x20002535        0x3 
 .bss           0x20002538        0xc Middlewares/Third_Party/lwIP/src/core/timers.o
 .bss           0x20002544        0x2 Middlewares/Third_Party/lwIP/src/core/ipv4/ip.o
 *fill*         0x20002546        0x2 
 .bss           0x20002548        0x6 Middlewares/Third_Party/lwIP/src/core/ipv4/ip_frag.o
 *fill*         0x2000254e        0x2 
 .bss           0x20002550       0xc9 Middlewares/Third_Party/lwIP/src/netif/etharp.o
 *fill*         0x20002619        0x3 
 .bss           0x2000261c        0x4 Src/enc28j60.o
 .bss           0x20002620        0x4 Src/tcp_echoserver.o
 *(.bss*)
 *(COMMON)
 COMMON         0x20002624        0x4 Drivers/STM32F4xx_HAL_Driver/Src/stm32f4xx_hal.o
                0x20002624                uwTick
 COMMON         0x20002628     0x2814 Middlewares/Third_Party/lwIP/src/core/mem.o
                0x20002628                ram_heap
 COMMON         0x20004e3c        0x8 Middlewares/Third_Party/lwIP/src/core/netif.o
                0x20004e3c                netif_list
                0x20004e40                netif_default
 COMMON         0x20004e44       0x1c Middlewares/Third_Party/lwIP/src/core/tcp.o
                0x20004e44                tcp_active_pcbs_changed
                0x20004e48                tcp_active_pcbs
                0x20004e4c                tcp_ticks
                0x20004e50                tcp_listen_pcbs
                0x20004e54                tcp_tmp_pcb
                0x20004e58                tcp_bound_pcbs
                0x20004e5c                tcp_tw_pcbs
 COMMON         0x20004e60        0x4 Middlewares/Third_Party/lwIP/src/core/tcp_in.o
                0x20004e60                tcp_input_pcb
 COMMON         0x20004e64        0x4 Middlewares/Third_Party/lwIP/src/core/udp.o
                0x20004e64                udp_pcbs
 COMMON         0x20004e68       0x10 Middlewares/Third_Party/lwIP/src/core/ipv4/ip.o
                0x20004e68                current_iphdr_src
                0x20004e6c                current_netif
                0x20004e70                current_iphdr_dest
                0x20004e74                current_header
 COMMON         0x20004e78      0x630 Src/ethernetif.o
                0x20004e78                EncHandle
 COMMON         0x200054a8       0x90 Src/main.o
                0x200054a8                gnetif
                0x200054e0                hspi1
                0x20005538                . = ALIGN (0x4)
                0x20005538                _ebss = .
                0x20005538                __bss_end__ = _ebss

._user_heap_stack
                0x20005538     0x6000
                0x20005538                . = ALIGN (0x8)
                [!provide]                PROVIDE (end, .)
                [!provide]                PROVIDE (_end, .)
                0x20007538                . = (. + _Min_Heap_Size)
 *fill*         0x20005538     0x2000 
                0x2000b538                . = (. + _Min_Stack_Size)
 *fill*         0x20007538     0x4000 
                0x2000b538                . = ALIGN (0x8)

/DISCARD/
 libc.a(*)
 libm.a(*)
 libgcc.a(*)

.ARM.attributes
                0x00000000       0x30
 *(.ARM.attributes)
 .ARM.attributes
                0x00000000       0x22 d:/ac6/systemworkbench/plugins/fr.ac6.mcu.externaltools.arm-none.win32_1.16.0.201807130628/tools/compiler/bin/../lib/gcc/arm-none-eabi/7.2.1/thumb/v7e-m/fpv4-sp/hard/crti.o
 .ARM.attributes
                0x00000022       0x34 d:/ac6/systemworkbench/plugins/fr.ac6.mcu.externaltools.arm-none.win32_1.16.0.201807130628/tools/compiler/bin/../lib/gcc/arm-none-eabi/7.2.1/thumb/v7e-m/fpv4-sp/hard/crtbegin.o
 .ARM.attributes
                0x00000056       0x39 Drivers/STM32F4xx_HAL_Driver/Src/stm32f4xx_hal.o
 .ARM.attributes
                0x0000008f       0x39 Drivers/STM32F4xx_HAL_Driver/Src/stm32f4xx_hal_cortex.o
 .ARM.attributes
                0x000000c8       0x39 Drivers/STM32F4xx_HAL_Driver/Src/stm32f4xx_hal_gpio.o
 .ARM.attributes
                0x00000101       0x39 Drivers/STM32F4xx_HAL_Driver/Src/stm32f4xx_hal_rcc.o
 .ARM.attributes
                0x0000013a       0x39 Drivers/STM32F4xx_HAL_Driver/Src/stm32f4xx_hal_spi.o
 .ARM.attributes
                0x00000173       0x39 Middlewares/Third_Party/lwIP/src/core/def.o
 .ARM.attributes
                0x000001ac       0x39 Middlewares/Third_Party/lwIP/src/core/dhcp.o
 .ARM.attributes
                0x000001e5       0x39 Middlewares/Third_Party/lwIP/src/core/init.o
 .ARM.attributes
                0x0000021e       0x39 Middlewares/Third_Party/lwIP/src/core/mem.o
 .ARM.attributes
                0x00000257       0x39 Middlewares/Third_Party/lwIP/src/core/memp.o
 .ARM.attributes
                0x00000290       0x39 Middlewares/Third_Party/lwIP/src/core/netif.o
 .ARM.attributes
                0x000002c9       0x39 Middlewares/Third_Party/lwIP/src/core/pbuf.o
 .ARM.attributes
                0x00000302       0x39 Middlewares/Third_Party/lwIP/src/core/raw.o
 .ARM.attributes
                0x0000033b       0x39 Middlewares/Third_Party/lwIP/src/core/tcp.o
 .ARM.attributes
                0x00000374       0x39 Middlewares/Third_Party/lwIP/src/core/tcp_in.o
 .ARM.attributes
                0x000003ad       0x39 Middlewares/Third_Party/lwIP/src/core/tcp_out.o
 .ARM.attributes
                0x000003e6       0x39 Middlewares/Third_Party/lwIP/src/core/timers.o
 .ARM.attributes
                0x0000041f       0x39 Middlewares/Third_Party/lwIP/src/core/udp.o
 .ARM.attributes
                0x00000458       0x39 Middlewares/Third_Party/lwIP/src/core/ipv4/icmp.o
 .ARM.attributes
                0x00000491       0x39 Middlewares/Third_Party/lwIP/src/core/ipv4/inet_chksum.o
 .ARM.attributes
                0x000004ca       0x39 Middlewares/Third_Party/lwIP/src/core/ipv4/ip.o
 .ARM.attributes
                0x00000503       0x39 Middlewares/Third_Party/lwIP/src/core/ipv4/ip_addr.o
 .ARM.attributes
                0x0000053c       0x39 Middlewares/Third_Party/lwIP/src/core/ipv4/ip_frag.o
 .ARM.attributes
                0x00000575       0x39 Middlewares/Third_Party/lwIP/src/netif/etharp.o
 .ARM.attributes
                0x000005ae       0x39 Src/app_ethernet.o
 .ARM.attributes
                0x000005e7       0x39 Src/enc28j60.o
 .ARM.attributes
                0x00000620       0x39 Src/ethernetif.o
 .ARM.attributes
                0x00000659       0x39 Src/main.o
 .ARM.attributes
                0x00000692       0x39 Src/stm32f4xx_hal_msp.o
 .ARM.attributes
                0x000006cb       0x39 Src/stm32f4xx_it.o
 .ARM.attributes
                0x00000704       0x39 Src/system_stm32f4xx.o
 .ARM.attributes
                0x0000073d       0x39 Src/tcp_echoserver.o
 .ARM.attributes
                0x00000776       0x21 startup/startup_stm32f407xx.o
 .ARM.attributes
                0x00000797       0x34 d:/ac6/systemworkbench/plugins/fr.ac6.mcu.externaltools.arm-none.win32_1.16.0.201807130628/tools/compiler/bin/../lib/gcc/arm-none-eabi/7.2.1/../../../../arm-none-eabi/lib/thumb/v7e-m/fpv4-sp/hard\libc_nano.a(lib_a-init.o)
 .ARM.attributes
                0x000007cb       0x34 d:/ac6/systemworkbench/plugins/fr.ac6.mcu.externaltools.arm-none.win32_1.16.0.201807130628/tools/compiler/bin/../lib/gcc/arm-none-eabi/7.2.1/../../../../arm-none-eabi/lib/thumb/v7e-m/fpv4-sp/hard\libc_nano.a(lib_a-memcmp.o)
 .ARM.attributes
                0x000007ff       0x34 d:/ac6/systemworkbench/plugins/fr.ac6.mcu.externaltools.arm-none.win32_1.16.0.201807130628/tools/compiler/bin/../lib/gcc/arm-none-eabi/7.2.1/../../../../arm-none-eabi/lib/thumb/v7e-m/fpv4-sp/hard\libc_nano.a(lib_a-memcpy-stub.o)
 .ARM.attributes
                0x00000833       0x34 d:/ac6/systemworkbench/plugins/fr.ac6.mcu.externaltools.arm-none.win32_1.16.0.201807130628/tools/compiler/bin/../lib/gcc/arm-none-eabi/7.2.1/../../../../arm-none-eabi/lib/thumb/v7e-m/fpv4-sp/hard\libc_nano.a(lib_a-memset.o)
 .ARM.attributes
                0x00000867       0x22 d:/ac6/systemworkbench/plugins/fr.ac6.mcu.externaltools.arm-none.win32_1.16.0.201807130628/tools/compiler/bin/../lib/gcc/arm-none-eabi/7.2.1/thumb/v7e-m/fpv4-sp/hard/crtn.o
OUTPUT(LWIP_TCP.elf elf32-littlearm)

.debug_info     0x00000000    0x2bd7c
 .debug_info    0x00000000     0x142b Drivers/STM32F4xx_HAL_Driver/Src/stm32f4xx_hal.o
 .debug_info    0x0000142b     0x19e6 Drivers/STM32F4xx_HAL_Driver/Src/stm32f4xx_hal_cortex.o
 .debug_info    0x00002e11     0x1224 Drivers/STM32F4xx_HAL_Driver/Src/stm32f4xx_hal_gpio.o
 .debug_info    0x00004035     0x178d Drivers/STM32F4xx_HAL_Driver/Src/stm32f4xx_hal_rcc.o
 .debug_info    0x000057c2     0x2498 Drivers/STM32F4xx_HAL_Driver/Src/stm32f4xx_hal_spi.o
 .debug_info    0x00007c5a      0x12e Middlewares/Third_Party/lwIP/src/core/def.o
 .debug_info    0x00007d88     0x2f34 Middlewares/Third_Party/lwIP/src/core/dhcp.o
 .debug_info    0x0000acbc      0xb4d Middlewares/Third_Party/lwIP/src/core/init.o
 .debug_info    0x0000b809      0xc2b Middlewares/Third_Party/lwIP/src/core/mem.o
 .debug_info    0x0000c434     0x14d7 Middlewares/Third_Party/lwIP/src/core/memp.o
 .debug_info    0x0000d90b     0x12a1 Middlewares/Third_Party/lwIP/src/core/netif.o
 .debug_info    0x0000ebac     0x14f9 Middlewares/Third_Party/lwIP/src/core/pbuf.o
 .debug_info    0x000100a5     0x1196 Middlewares/Third_Party/lwIP/src/core/raw.o
 .debug_info    0x0001123b     0x25e7 Middlewares/Third_Party/lwIP/src/core/tcp.o
 .debug_info    0x00013822     0x174d Middlewares/Third_Party/lwIP/src/core/tcp_in.o
 .debug_info    0x00014f6f     0x25d5 Middlewares/Third_Party/lwIP/src/core/tcp_out.o
 .debug_info    0x00017544     0x1243 Middlewares/Third_Party/lwIP/src/core/timers.o
 .debug_info    0x00018787     0x1999 Middlewares/Third_Party/lwIP/src/core/udp.o
 .debug_info    0x0001a120     0x1284 Middlewares/Third_Party/lwIP/src/core/ipv4/icmp.o
 .debug_info    0x0001b3a4      0xced Middlewares/Third_Party/lwIP/src/core/ipv4/inet_chksum.o
 .debug_info    0x0001c091     0x1bf3 Middlewares/Third_Party/lwIP/src/core/ipv4/ip.o
 .debug_info    0x0001dc84      0x610 Middlewares/Third_Party/lwIP/src/core/ipv4/ip_addr.o
 .debug_info    0x0001e294     0x1802 Middlewares/Third_Party/lwIP/src/core/ipv4/ip_frag.o
 .debug_info    0x0001fa96     0x1eae Middlewares/Third_Party/lwIP/src/netif/etharp.o
 .debug_info    0x00021944      0xe3f Src/app_ethernet.o
 .debug_info    0x00022783     0x148a Src/enc28j60.o
 .debug_info    0x00023c0d     0x210e Src/ethernetif.o
 .debug_info    0x00025d1b     0x1d46 Src/main.o
 .debug_info    0x00027a61     0x1726 Src/stm32f4xx_hal_msp.o
 .debug_info    0x00029187      0xc94 Src/stm32f4xx_it.o
 .debug_info    0x00029e1b      0xfba Src/system_stm32f4xx.o
 .debug_info    0x0002add5      0xf85 Src/tcp_echoserver.o
 .debug_info    0x0002bd5a       0x22 startup/startup_stm32f407xx.o

.debug_abbrev   0x00000000     0x5be8
 .debug_abbrev  0x00000000      0x349 Drivers/STM32F4xx_HAL_Driver/Src/stm32f4xx_hal.o
 .debug_abbrev  0x00000349      0x3d6 Drivers/STM32F4xx_HAL_Driver/Src/stm32f4xx_hal_cortex.o
 .debug_abbrev  0x0000071f      0x2a7 Drivers/STM32F4xx_HAL_Driver/Src/stm32f4xx_hal_gpio.o
 .debug_abbrev  0x000009c6      0x372 Drivers/STM32F4xx_HAL_Driver/Src/stm32f4xx_hal_rcc.o
 .debug_abbrev  0x00000d38      0x2f2 Drivers/STM32F4xx_HAL_Driver/Src/stm32f4xx_hal_spi.o
 .debug_abbrev  0x0000102a       0xb2 Middlewares/Third_Party/lwIP/src/core/def.o
 .debug_abbrev  0x000010dc      0x3b5 Middlewares/Third_Party/lwIP/src/core/dhcp.o
 .debug_abbrev  0x00001491      0x182 Middlewares/Third_Party/lwIP/src/core/init.o
 .debug_abbrev  0x00001613      0x2f7 Middlewares/Third_Party/lwIP/src/core/mem.o
 .debug_abbrev  0x0000190a      0x2c5 Middlewares/Third_Party/lwIP/src/core/memp.o
 .debug_abbrev  0x00001bcf      0x2f1 Middlewares/Third_Party/lwIP/src/core/netif.o
 .debug_abbrev  0x00001ec0      0x365 Middlewares/Third_Party/lwIP/src/core/pbuf.o
 .debug_abbrev  0x00002225      0x31b Middlewares/Third_Party/lwIP/src/core/raw.o
 .debug_abbrev  0x00002540      0x43d Middlewares/Third_Party/lwIP/src/core/tcp.o
 .debug_abbrev  0x0000297d      0x2dd Middlewares/Third_Party/lwIP/src/core/tcp_in.o
 .debug_abbrev  0x00002c5a      0x3e2 Middlewares/Third_Party/lwIP/src/core/tcp_out.o
 .debug_abbrev  0x0000303c      0x26a Middlewares/Third_Party/lwIP/src/core/timers.o
 .debug_abbrev  0x000032a6      0x3aa Middlewares/Third_Party/lwIP/src/core/udp.o
 .debug_abbrev  0x00003650      0x303 Middlewares/Third_Party/lwIP/src/core/ipv4/icmp.o
 .debug_abbrev  0x00003953      0x2ac Middlewares/Third_Party/lwIP/src/core/ipv4/inet_chksum.o
 .debug_abbrev  0x00003bff      0x2fb Middlewares/Third_Party/lwIP/src/core/ipv4/ip.o
 .debug_abbrev  0x00003efa      0x202 Middlewares/Third_Party/lwIP/src/core/ipv4/ip_addr.o
 .debug_abbrev  0x000040fc      0x378 Middlewares/Third_Party/lwIP/src/core/ipv4/ip_frag.o
 .debug_abbrev  0x00004474      0x3b0 Middlewares/Third_Party/lwIP/src/netif/etharp.o
 .debug_abbrev  0x00004824      0x24f Src/app_ethernet.o
 .debug_abbrev  0x00004a73      0x239 Src/enc28j60.o
 .debug_abbrev  0x00004cac      0x383 Src/ethernetif.o
 .debug_abbrev  0x0000502f      0x303 Src/main.o
 .debug_abbrev  0x00005332      0x254 Src/stm32f4xx_hal_msp.o
 .debug_abbrev  0x00005586      0x1f8 Src/stm32f4xx_it.o
 .debug_abbrev  0x0000577e      0x205 Src/system_stm32f4xx.o
 .debug_abbrev  0x00005983      0x253 Src/tcp_echoserver.o
 .debug_abbrev  0x00005bd6       0x12 startup/startup_stm32f407xx.o

.debug_loc      0x00000000     0xcc69
 .debug_loc     0x00000000       0x91 Drivers/STM32F4xx_HAL_Driver/Src/stm32f4xx_hal.o
 .debug_loc     0x00000091      0x5ce Drivers/STM32F4xx_HAL_Driver/Src/stm32f4xx_hal_cortex.o
 .debug_loc     0x0000065f      0x469 Drivers/STM32F4xx_HAL_Driver/Src/stm32f4xx_hal_gpio.o
 .debug_loc     0x00000ac8      0x52d Drivers/STM32F4xx_HAL_Driver/Src/stm32f4xx_hal_rcc.o
 .debug_loc     0x00000ff5     0x1937 Drivers/STM32F4xx_HAL_Driver/Src/stm32f4xx_hal_spi.o
 .debug_loc     0x0000292c       0x84 Middlewares/Third_Party/lwIP/src/core/def.o
 .debug_loc     0x000029b0     0x10fc Middlewares/Third_Party/lwIP/src/core/dhcp.o
 .debug_loc     0x00003aac      0x475 Middlewares/Third_Party/lwIP/src/core/mem.o
 .debug_loc     0x00003f21       0xf1 Middlewares/Third_Party/lwIP/src/core/memp.o
 .debug_loc     0x00004012      0x36d Middlewares/Third_Party/lwIP/src/core/netif.o
 .debug_loc     0x0000437f     0x1141 Middlewares/Third_Party/lwIP/src/core/pbuf.o
 .debug_loc     0x000054c0      0x413 Middlewares/Third_Party/lwIP/src/core/raw.o
 .debug_loc     0x000058d3     0x1122 Middlewares/Third_Party/lwIP/src/core/tcp.o
 .debug_loc     0x000069f5      0x639 Middlewares/Third_Party/lwIP/src/core/tcp_in.o
 .debug_loc     0x0000702e     0x1184 Middlewares/Third_Party/lwIP/src/core/tcp_out.o
 .debug_loc     0x000081b2      0x2d2 Middlewares/Third_Party/lwIP/src/core/timers.o
 .debug_loc     0x00008484      0x6bc Middlewares/Third_Party/lwIP/src/core/udp.o
 .debug_loc     0x00008b40      0x261 Middlewares/Third_Party/lwIP/src/core/ipv4/icmp.o
 .debug_loc     0x00008da1      0x519 Middlewares/Third_Party/lwIP/src/core/ipv4/inet_chksum.o
 .debug_loc     0x000092ba      0x4b9 Middlewares/Third_Party/lwIP/src/core/ipv4/ip.o
 .debug_loc     0x00009773      0x514 Middlewares/Third_Party/lwIP/src/core/ipv4/ip_addr.o
 .debug_loc     0x00009c87      0xbe8 Middlewares/Third_Party/lwIP/src/core/ipv4/ip_frag.o
 .debug_loc     0x0000a86f      0xf17 Middlewares/Third_Party/lwIP/src/netif/etharp.o
 .debug_loc     0x0000b786       0x8a Src/app_ethernet.o
 .debug_loc     0x0000b810      0x736 Src/enc28j60.o
 .debug_loc     0x0000bf46      0x388 Src/ethernetif.o
 .debug_loc     0x0000c2ce       0x21 Src/main.o
 .debug_loc     0x0000c2ef       0x5b Src/stm32f4xx_hal_msp.o
 .debug_loc     0x0000c34a      0x13e Src/system_stm32f4xx.o
 .debug_loc     0x0000c488      0x7e1 Src/tcp_echoserver.o

.debug_aranges  0x00000000      0xfa8
 .debug_aranges
                0x00000000       0xc8 Drivers/STM32F4xx_HAL_Driver/Src/stm32f4xx_hal.o
 .debug_aranges
                0x000000c8       0xa8 Drivers/STM32F4xx_HAL_Driver/Src/stm32f4xx_hal_cortex.o
 .debug_aranges
                0x00000170       0x58 Drivers/STM32F4xx_HAL_Driver/Src/stm32f4xx_hal_gpio.o
 .debug_aranges
                0x000001c8       0x88 Drivers/STM32F4xx_HAL_Driver/Src/stm32f4xx_hal_rcc.o
 .debug_aranges
                0x00000250      0x1c8 Drivers/STM32F4xx_HAL_Driver/Src/stm32f4xx_hal_spi.o
 .debug_aranges
                0x00000418       0x38 Middlewares/Third_Party/lwIP/src/core/def.o
 .debug_aranges
                0x00000450      0x128 Middlewares/Third_Party/lwIP/src/core/dhcp.o
 .debug_aranges
                0x00000578       0x20 Middlewares/Third_Party/lwIP/src/core/init.o
 .debug_aranges
                0x00000598       0x48 Middlewares/Third_Party/lwIP/src/core/mem.o
 .debug_aranges
                0x000005e0       0x30 Middlewares/Third_Party/lwIP/src/core/memp.o
 .debug_aranges
                0x00000610       0x88 Middlewares/Third_Party/lwIP/src/core/netif.o
 .debug_aranges
                0x00000698       0xa8 Middlewares/Third_Party/lwIP/src/core/pbuf.o
 .debug_aranges
                0x00000740       0x58 Middlewares/Third_Party/lwIP/src/core/raw.o
 .debug_aranges
                0x00000798      0x138 Middlewares/Third_Party/lwIP/src/core/tcp.o
 .debug_aranges
                0x000008d0       0x48 Middlewares/Third_Party/lwIP/src/core/tcp_in.o
 .debug_aranges
                0x00000918       0x98 Middlewares/Third_Party/lwIP/src/core/tcp_out.o
 .debug_aranges
                0x000009b0       0x70 Middlewares/Third_Party/lwIP/src/core/timers.o
 .debug_aranges
                0x00000a20       0x78 Middlewares/Third_Party/lwIP/src/core/udp.o
 .debug_aranges
                0x00000a98       0x38 Middlewares/Third_Party/lwIP/src/core/ipv4/icmp.o
 .debug_aranges
                0x00000ad0       0x40 Middlewares/Third_Party/lwIP/src/core/ipv4/inet_chksum.o
 .debug_aranges
                0x00000b10       0x38 Middlewares/Third_Party/lwIP/src/core/ipv4/ip.o
 .debug_aranges
                0x00000b48       0x48 Middlewares/Third_Party/lwIP/src/core/ipv4/ip_addr.o
 .debug_aranges
                0x00000b90       0x70 Middlewares/Third_Party/lwIP/src/core/ipv4/ip_frag.o
 .debug_aranges
                0x00000c00       0x88 Middlewares/Third_Party/lwIP/src/netif/etharp.o
 .debug_aranges
                0x00000c88       0x28 Src/app_ethernet.o
 .debug_aranges
                0x00000cb0       0xd8 Src/enc28j60.o
 .debug_aranges
                0x00000d88       0x98 Src/ethernetif.o
 .debug_aranges
                0x00000e20       0x50 Src/main.o
 .debug_aranges
                0x00000e70       0x30 Src/stm32f4xx_hal_msp.o
 .debug_aranges
                0x00000ea0       0x60 Src/stm32f4xx_it.o
 .debug_aranges
                0x00000f00       0x28 Src/system_stm32f4xx.o
 .debug_aranges
                0x00000f28       0x58 Src/tcp_echoserver.o
 .debug_aranges
                0x00000f80       0x28 startup/startup_stm32f407xx.o

.debug_ranges   0x00000000     0x10e8
 .debug_ranges  0x00000000       0xb8 Drivers/STM32F4xx_HAL_Driver/Src/stm32f4xx_hal.o
 .debug_ranges  0x000000b8       0xf8 Drivers/STM32F4xx_HAL_Driver/Src/stm32f4xx_hal_cortex.o
 .debug_ranges  0x000001b0       0x48 Drivers/STM32F4xx_HAL_Driver/Src/stm32f4xx_hal_gpio.o
 .debug_ranges  0x000001f8       0x78 Drivers/STM32F4xx_HAL_Driver/Src/stm32f4xx_hal_rcc.o
 .debug_ranges  0x00000270      0x1b8 Drivers/STM32F4xx_HAL_Driver/Src/stm32f4xx_hal_spi.o
 .debug_ranges  0x00000428       0x28 Middlewares/Third_Party/lwIP/src/core/def.o
 .debug_ranges  0x00000450      0x158 Middlewares/Third_Party/lwIP/src/core/dhcp.o
 .debug_ranges  0x000005a8       0x10 Middlewares/Third_Party/lwIP/src/core/init.o
 .debug_ranges  0x000005b8       0x50 Middlewares/Third_Party/lwIP/src/core/mem.o
 .debug_ranges  0x00000608       0x20 Middlewares/Third_Party/lwIP/src/core/memp.o
 .debug_ranges  0x00000628       0x90 Middlewares/Third_Party/lwIP/src/core/netif.o
 .debug_ranges  0x000006b8       0xf8 Middlewares/Third_Party/lwIP/src/core/pbuf.o
 .debug_ranges  0x000007b0       0x48 Middlewares/Third_Party/lwIP/src/core/raw.o
 .debug_ranges  0x000007f8      0x170 Middlewares/Third_Party/lwIP/src/core/tcp.o
 .debug_ranges  0x00000968       0x38 Middlewares/Third_Party/lwIP/src/core/tcp_in.o
 .debug_ranges  0x000009a0      0x128 Middlewares/Third_Party/lwIP/src/core/tcp_out.o
 .debug_ranges  0x00000ac8       0x60 Middlewares/Third_Party/lwIP/src/core/timers.o
 .debug_ranges  0x00000b28       0x68 Middlewares/Third_Party/lwIP/src/core/udp.o
 .debug_ranges  0x00000b90       0x58 Middlewares/Third_Party/lwIP/src/core/ipv4/icmp.o
 .debug_ranges  0x00000be8       0x30 Middlewares/Third_Party/lwIP/src/core/ipv4/inet_chksum.o
 .debug_ranges  0x00000c18       0x68 Middlewares/Third_Party/lwIP/src/core/ipv4/ip.o
 .debug_ranges  0x00000c80       0x38 Middlewares/Third_Party/lwIP/src/core/ipv4/ip_addr.o
 .debug_ranges  0x00000cb8       0x80 Middlewares/Third_Party/lwIP/src/core/ipv4/ip_frag.o
 .debug_ranges  0x00000d38       0xe8 Middlewares/Third_Party/lwIP/src/netif/etharp.o
 .debug_ranges  0x00000e20       0x18 Src/app_ethernet.o
 .debug_ranges  0x00000e38       0xc8 Src/enc28j60.o
 .debug_ranges  0x00000f00       0x88 Src/ethernetif.o
 .debug_ranges  0x00000f88       0x40 Src/main.o
 .debug_ranges  0x00000fc8       0x20 Src/stm32f4xx_hal_msp.o
 .debug_ranges  0x00000fe8       0x50 Src/stm32f4xx_it.o
 .debug_ranges  0x00001038       0x18 Src/system_stm32f4xx.o
 .debug_ranges  0x00001050       0x78 Src/tcp_echoserver.o
 .debug_ranges  0x000010c8       0x20 startup/startup_stm32f407xx.o

.debug_macro    0x00000000    0x269bc
 .debug_macro   0x00000000      0x411 Drivers/STM32F4xx_HAL_Driver/Src/stm32f4xx_hal.o
 .debug_macro   0x00000411      0xa60 Drivers/STM32F4xx_HAL_Driver/Src/stm32f4xx_hal.o
 .debug_macro   0x00000e71       0xed Drivers/STM32F4xx_HAL_Driver/Src/stm32f4xx_hal.o
 .debug_macro   0x00000f5e       0x16 Drivers/STM32F4xx_HAL_Driver/Src/stm32f4xx_hal.o
 .debug_macro   0x00000f74       0x10 Drivers/STM32F4xx_HAL_Driver/Src/stm32f4xx_hal.o
 .debug_macro   0x00000f84       0x4c Drivers/STM32F4xx_HAL_Driver/Src/stm32f4xx_hal.o
 .debug_macro   0x00000fd0      0x343 Drivers/STM32F4xx_HAL_Driver/Src/stm32f4xx_hal.o
 .debug_macro   0x00001313       0x5e Drivers/STM32F4xx_HAL_Driver/Src/stm32f4xx_hal.o
 .debug_macro   0x00001371      0x4f9 Drivers/STM32F4xx_HAL_Driver/Src/stm32f4xx_hal.o
 .debug_macro   0x0000186a       0x6a Drivers/STM32F4xx_HAL_Driver/Src/stm32f4xx_hal.o
 .debug_macro   0x000018d4       0x10 Drivers/STM32F4xx_HAL_Driver/Src/stm32f4xx_hal.o
 .debug_macro   0x000018e4       0x58 Drivers/STM32F4xx_HAL_Driver/Src/stm32f4xx_hal.o
 .debug_macro   0x0000193c      0x175 Drivers/STM32F4xx_HAL_Driver/Src/stm32f4xx_hal.o
 .debug_macro   0x00001ab1       0x47 Drivers/STM32F4xx_HAL_Driver/Src/stm32f4xx_hal.o
 .debug_macro   0x00001af8       0x56 Drivers/STM32F4xx_HAL_Driver/Src/stm32f4xx_hal.o
 .debug_macro   0x00001b4e       0x16 Drivers/STM32F4xx_HAL_Driver/Src/stm32f4xx_hal.o
 .debug_macro   0x00001b64       0x88 Drivers/STM32F4xx_HAL_Driver/Src/stm32f4xx_hal.o
 .debug_macro   0x00001bec      0x17a Drivers/STM32F4xx_HAL_Driver/Src/stm32f4xx_hal.o
 .debug_macro   0x00001d66       0x33 Drivers/STM32F4xx_HAL_Driver/Src/stm32f4xx_hal.o
 .debug_macro   0x00001d99       0x28 Drivers/STM32F4xx_HAL_Driver/Src/stm32f4xx_hal.o
 .debug_macro   0x00001dc1       0x22 Drivers/STM32F4xx_HAL_Driver/Src/stm32f4xx_hal.o
 .debug_macro   0x00001de3       0x87 Drivers/STM32F4xx_HAL_Driver/Src/stm32f4xx_hal.o
 .debug_macro   0x00001e6a       0x51 Drivers/STM32F4xx_HAL_Driver/Src/stm32f4xx_hal.o
 .debug_macro   0x00001ebb       0xef Drivers/STM32F4xx_HAL_Driver/Src/stm32f4xx_hal.o
 .debug_macro   0x00001faa       0x6a Drivers/STM32F4xx_HAL_Driver/Src/stm32f4xx_hal.o
 .debug_macro   0x00002014      0x1df Drivers/STM32F4xx_HAL_Driver/Src/stm32f4xx_hal.o
 .debug_macro   0x000021f3       0x35 Drivers/STM32F4xx_HAL_Driver/Src/stm32f4xx_hal.o
 .debug_macro   0x00002228       0x50 Drivers/STM32F4xx_HAL_Driver/Src/stm32f4xx_hal.o
 .debug_macro   0x00002278      0xe66 Drivers/STM32F4xx_HAL_Driver/Src/stm32f4xx_hal.o
 .debug_macro   0x000030de    0x15e04 Drivers/STM32F4xx_HAL_Driver/Src/stm32f4xx_hal.o
 .debug_macro   0x00018ee2       0x43 Drivers/STM32F4xx_HAL_Driver/Src/stm32f4xx_hal.o
 .debug_macro   0x00018f25     0x3574 Drivers/STM32F4xx_HAL_Driver/Src/stm32f4xx_hal.o
 .debug_macro   0x0001c499       0x58 Drivers/STM32F4xx_HAL_Driver/Src/stm32f4xx_hal.o
 .debug_macro   0x0001c4f1       0x17 Drivers/STM32F4xx_HAL_Driver/Src/stm32f4xx_hal.o
 .debug_macro   0x0001c508       0x35 Drivers/STM32F4xx_HAL_Driver/Src/stm32f4xx_hal.o
 .debug_macro   0x0001c53d       0x9c Drivers/STM32F4xx_HAL_Driver/Src/stm32f4xx_hal.o
 .debug_macro   0x0001c5d9       0x16 Drivers/STM32F4xx_HAL_Driver/Src/stm32f4xx_hal.o
 .debug_macro   0x0001c5ef       0x97 Drivers/STM32F4xx_HAL_Driver/Src/stm32f4xx_hal.o
 .debug_macro   0x0001c686      0x330 Drivers/STM32F4xx_HAL_Driver/Src/stm32f4xx_hal.o
 .debug_macro   0x0001c9b6       0xfd Drivers/STM32F4xx_HAL_Driver/Src/stm32f4xx_hal.o
 .debug_macro   0x0001cab3       0x10 Drivers/STM32F4xx_HAL_Driver/Src/stm32f4xx_hal.o
 .debug_macro   0x0001cac3       0x58 Drivers/STM32F4xx_HAL_Driver/Src/stm32f4xx_hal.o
 .debug_macro   0x0001cb1b       0x1f Drivers/STM32F4xx_HAL_Driver/Src/stm32f4xx_hal.o
 .debug_macro   0x0001cb3a       0x43 Drivers/STM32F4xx_HAL_Driver/Src/stm32f4xx_hal.o
 .debug_macro   0x0001cb7d       0x20 Drivers/STM32F4xx_HAL_Driver/Src/stm32f4xx_hal.o
 .debug_macro   0x0001cb9d      0x18e Drivers/STM32F4xx_HAL_Driver/Src/stm32f4xx_hal.o
 .debug_macro   0x0001cd2b       0x10 Drivers/STM32F4xx_HAL_Driver/Src/stm32f4xx_hal.o
 .debug_macro   0x0001cd3b       0x1c Drivers/STM32F4xx_HAL_Driver/Src/stm32f4xx_hal.o
 .debug_macro   0x0001cd57       0x52 Drivers/STM32F4xx_HAL_Driver/Src/stm32f4xx_hal.o
 .debug_macro   0x0001cda9       0x40 Drivers/STM32F4xx_HAL_Driver/Src/stm32f4xx_hal.o
 .debug_macro   0x0001cde9       0x10 Drivers/STM32F4xx_HAL_Driver/Src/stm32f4xx_hal.o
 .debug_macro   0x0001cdf9       0x40 Drivers/STM32F4xx_HAL_Driver/Src/stm32f4xx_hal.o
 .debug_macro   0x0001ce39       0xd7 Drivers/STM32F4xx_HAL_Driver/Src/stm32f4xx_hal.o
 .debug_macro   0x0001cf10       0x1c Drivers/STM32F4xx_HAL_Driver/Src/stm32f4xx_hal.o
 .debug_macro   0x0001cf2c       0x3d Drivers/STM32F4xx_HAL_Driver/Src/stm32f4xx_hal.o
 .debug_macro   0x0001cf69       0x16 Drivers/STM32F4xx_HAL_Driver/Src/stm32f4xx_hal.o
 .debug_macro   0x0001cf7f      0x16f Drivers/STM32F4xx_HAL_Driver/Src/stm32f4xx_hal.o
 .debug_macro   0x0001d0ee       0x50 Drivers/STM32F4xx_HAL_Driver/Src/stm32f4xx_hal.o
 .debug_macro   0x0001d13e      0x96b Drivers/STM32F4xx_HAL_Driver/Src/stm32f4xx_hal.o
 .debug_macro   0x0001daa9      0x9e1 Drivers/STM32F4xx_HAL_Driver/Src/stm32f4xx_hal.o
 .debug_macro   0x0001e48a      0x11e Drivers/STM32F4xx_HAL_Driver/Src/stm32f4xx_hal.o
 .debug_macro   0x0001e5a8      0x13e Drivers/STM32F4xx_HAL_Driver/Src/stm32f4xx_hal.o
 .debug_macro   0x0001e6e6       0x27 Drivers/STM32F4xx_HAL_Driver/Src/stm32f4xx_hal.o
 .debug_macro   0x0001e70d      0x287 Drivers/STM32F4xx_HAL_Driver/Src/stm32f4xx_hal.o
 .debug_macro   0x0001e994       0x5f Drivers/STM32F4xx_HAL_Driver/Src/stm32f4xx_hal.o
 .debug_macro   0x0001e9f3      0x23a Drivers/STM32F4xx_HAL_Driver/Src/stm32f4xx_hal.o
 .debug_macro   0x0001ec2d      0x133 Drivers/STM32F4xx_HAL_Driver/Src/stm32f4xx_hal.o
 .debug_macro   0x0001ed60      0x21e Drivers/STM32F4xx_HAL_Driver/Src/stm32f4xx_hal.o
 .debug_macro   0x0001ef7e       0x2e Drivers/STM32F4xx_HAL_Driver/Src/stm32f4xx_hal.o
 .debug_macro   0x0001efac      0x11e Drivers/STM32F4xx_HAL_Driver/Src/stm32f4xx_hal.o
 .debug_macro   0x0001f0ca       0x7f Drivers/STM32F4xx_HAL_Driver/Src/stm32f4xx_hal.o
 .debug_macro   0x0001f149       0x89 Drivers/STM32F4xx_HAL_Driver/Src/stm32f4xx_hal.o
 .debug_macro   0x0001f1d2      0x202 Drivers/STM32F4xx_HAL_Driver/Src/stm32f4xx_hal.o
 .debug_macro   0x0001f3d4      0x125 Drivers/STM32F4xx_HAL_Driver/Src/stm32f4xx_hal.o
 .debug_macro   0x0001f4f9      0x3b1 Drivers/STM32F4xx_HAL_Driver/Src/stm32f4xx_hal_cortex.o
 .debug_macro   0x0001f8aa      0x3e9 Drivers/STM32F4xx_HAL_Driver/Src/stm32f4xx_hal_gpio.o
 .debug_macro   0x0001fc93      0x3db Drivers/STM32F4xx_HAL_Driver/Src/stm32f4xx_hal_rcc.o
 .debug_macro   0x0002006e      0x3b9 Drivers/STM32F4xx_HAL_Driver/Src/stm32f4xx_hal_spi.o
 .debug_macro   0x00020427       0x6b Middlewares/Third_Party/lwIP/src/core/def.o
 .debug_macro   0x00020492      0x26e Middlewares/Third_Party/lwIP/src/core/dhcp.o
 .debug_macro   0x00020700       0x22 Middlewares/Third_Party/lwIP/src/core/dhcp.o
 .debug_macro   0x00020722       0x10 Middlewares/Third_Party/lwIP/src/core/dhcp.o
 .debug_macro   0x00020732       0x3a Middlewares/Third_Party/lwIP/src/core/dhcp.o
 .debug_macro   0x0002076c      0x11c Middlewares/Third_Party/lwIP/src/core/dhcp.o
 .debug_macro   0x00020888       0x70 Middlewares/Third_Party/lwIP/src/core/dhcp.o
 .debug_macro   0x000208f8       0x41 Middlewares/Third_Party/lwIP/src/core/dhcp.o
 .debug_macro   0x00020939      0x13b Middlewares/Third_Party/lwIP/src/core/dhcp.o
 .debug_macro   0x00020a74       0x37 Middlewares/Third_Party/lwIP/src/core/dhcp.o
 .debug_macro   0x00020aab      0x246 Middlewares/Third_Party/lwIP/src/core/dhcp.o
 .debug_macro   0x00020cf1       0x86 Middlewares/Third_Party/lwIP/src/core/dhcp.o
 .debug_macro   0x00020d77       0x52 Middlewares/Third_Party/lwIP/src/core/dhcp.o
 .debug_macro   0x00020dc9       0x8d Middlewares/Third_Party/lwIP/src/core/dhcp.o
 .debug_macro   0x00020e56      0x174 Middlewares/Third_Party/lwIP/src/core/dhcp.o
 .debug_macro   0x00020fca       0x57 Middlewares/Third_Party/lwIP/src/core/dhcp.o
 .debug_macro   0x00021021       0x10 Middlewares/Third_Party/lwIP/src/core/dhcp.o
 .debug_macro   0x00021031       0x35 Middlewares/Third_Party/lwIP/src/core/dhcp.o
 .debug_macro   0x00021066      0x18d Middlewares/Third_Party/lwIP/src/core/init.o
 .debug_macro   0x000211f3       0x46 Middlewares/Third_Party/lwIP/src/core/init.o
 .debug_macro   0x00021239       0xc5 Middlewares/Third_Party/lwIP/src/core/init.o
 .debug_macro   0x000212fe       0x10 Middlewares/Third_Party/lwIP/src/core/init.o
 .debug_macro   0x0002130e       0x3d Middlewares/Third_Party/lwIP/src/core/init.o
 .debug_macro   0x0002134b       0x64 Middlewares/Third_Party/lwIP/src/core/init.o
 .debug_macro   0x000213af       0xac Middlewares/Third_Party/lwIP/src/core/init.o
 .debug_macro   0x0002145b      0x1be Middlewares/Third_Party/lwIP/src/core/init.o
 .debug_macro   0x00021619      0x321 Middlewares/Third_Party/lwIP/src/core/init.o
 .debug_macro   0x0002193a       0x16 Middlewares/Third_Party/lwIP/src/core/init.o
 .debug_macro   0x00021950      0x1d6 Middlewares/Third_Party/lwIP/src/core/mem.o
 .debug_macro   0x00021b26      0x2bb Middlewares/Third_Party/lwIP/src/core/memp.o
 .debug_macro   0x00021de1      0x122 Middlewares/Third_Party/lwIP/src/core/memp.o
 .debug_macro   0x00021f03       0x10 Middlewares/Third_Party/lwIP/src/core/memp.o
 .debug_macro   0x00021f13      0x12e Middlewares/Third_Party/lwIP/src/core/netif.o
 .debug_macro   0x00022041      0x17b Middlewares/Third_Party/lwIP/src/core/netif.o
 .debug_macro   0x000221bc      0x240 Middlewares/Third_Party/lwIP/src/core/netif.o
 .debug_macro   0x000223fc      0x1b3 Middlewares/Third_Party/lwIP/src/core/pbuf.o
 .debug_macro   0x000225af       0x16 Middlewares/Third_Party/lwIP/src/core/pbuf.o
 .debug_macro   0x000225c5      0x1c2 Middlewares/Third_Party/lwIP/src/core/raw.o
 .debug_macro   0x00022787      0x204 Middlewares/Third_Party/lwIP/src/core/tcp.o
 .debug_macro   0x0002298b      0x31b Middlewares/Third_Party/lwIP/src/core/tcp.o
 .debug_macro   0x00022ca6       0x62 Middlewares/Third_Party/lwIP/src/core/tcp.o
 .debug_macro   0x00022d08      0x135 Middlewares/Third_Party/lwIP/src/core/tcp.o
 .debug_macro   0x00022e3d      0x1c4 Middlewares/Third_Party/lwIP/src/core/tcp.o
 .debug_macro   0x00023001      0x10a Middlewares/Third_Party/lwIP/src/core/tcp_in.o
 .debug_macro   0x0002310b       0x1c Middlewares/Third_Party/lwIP/src/core/tcp_in.o
 .debug_macro   0x00023127      0x1f5 Middlewares/Third_Party/lwIP/src/core/tcp_out.o
 .debug_macro   0x0002331c      0x14a Middlewares/Third_Party/lwIP/src/core/timers.o
 .debug_macro   0x00023466       0x10 Middlewares/Third_Party/lwIP/src/core/timers.o
 .debug_macro   0x00023476      0x203 Middlewares/Third_Party/lwIP/src/core/udp.o
 .debug_macro   0x00023679      0x1dd Middlewares/Third_Party/lwIP/src/core/ipv4/icmp.o
 .debug_macro   0x00023856       0x5e Middlewares/Third_Party/lwIP/src/core/ipv4/icmp.o
 .debug_macro   0x000238b4      0x193 Middlewares/Third_Party/lwIP/src/core/ipv4/inet_chksum.o
 .debug_macro   0x00023a47       0x16 Middlewares/Third_Party/lwIP/src/core/ipv4/inet_chksum.o
 .debug_macro   0x00023a5d      0x23c Middlewares/Third_Party/lwIP/src/core/ipv4/ip.o
 .debug_macro   0x00023c99       0xb2 Middlewares/Third_Party/lwIP/src/core/ipv4/ip.o
 .debug_macro   0x00023d4b       0xbe Middlewares/Third_Party/lwIP/src/core/ipv4/ip_addr.o
 .debug_macro   0x00023e09      0x1f2 Middlewares/Third_Party/lwIP/src/core/ipv4/ip_frag.o
 .debug_macro   0x00023ffb      0x230 Middlewares/Third_Party/lwIP/src/netif/etharp.o
 .debug_macro   0x0002422b      0x3bd Src/app_ethernet.o
 .debug_macro   0x000245e8       0xbd Src/enc28j60.o
 .debug_macro   0x000246a5       0x22 Src/enc28j60.o
 .debug_macro   0x000246c7      0x70d Src/enc28j60.o
 .debug_macro   0x00024dd4      0x425 Src/ethernetif.o
 .debug_macro   0x000251f9       0x16 Src/ethernetif.o
 .debug_macro   0x0002520f       0x80 Src/ethernetif.o
 .debug_macro   0x0002528f      0x707 Src/ethernetif.o
 .debug_macro   0x00025996       0x16 Src/ethernetif.o
 .debug_macro   0x000259ac      0x3f7 Src/main.o
 .debug_macro   0x00025da3      0x3b1 Src/stm32f4xx_hal_msp.o
 .debug_macro   0x00026154      0x3bb Src/stm32f4xx_it.o
 .debug_macro   0x0002650f      0x3b7 Src/system_stm32f4xx.o
 .debug_macro   0x000268c6       0xe6 Src/tcp_echoserver.o
 .debug_macro   0x000269ac       0x10 Src/tcp_echoserver.o

.debug_line     0x00000000     0xf9f5
 .debug_line    0x00000000      0xa49 Drivers/STM32F4xx_HAL_Driver/Src/stm32f4xx_hal.o
 .debug_line    0x00000a49      0xad3 Drivers/STM32F4xx_HAL_Driver/Src/stm32f4xx_hal_cortex.o
 .debug_line    0x0000151c      0xa1b Drivers/STM32F4xx_HAL_Driver/Src/stm32f4xx_hal_gpio.o
 .debug_line    0x00001f37      0xba8 Drivers/STM32F4xx_HAL_Driver/Src/stm32f4xx_hal_rcc.o
 .debug_line    0x00002adf     0x128b Drivers/STM32F4xx_HAL_Driver/Src/stm32f4xx_hal_spi.o
 .debug_line    0x00003d6a      0x1a7 Middlewares/Third_Party/lwIP/src/core/def.o
 .debug_line    0x00003f11      0xbd5 Middlewares/Third_Party/lwIP/src/core/dhcp.o
 .debug_line    0x00004ae6      0x2e7 Middlewares/Third_Party/lwIP/src/core/init.o
 .debug_line    0x00004dcd      0x5dd Middlewares/Third_Party/lwIP/src/core/mem.o
 .debug_line    0x000053aa      0x64d Middlewares/Third_Party/lwIP/src/core/memp.o
 .debug_line    0x000059f7      0x456 Middlewares/Third_Party/lwIP/src/core/netif.o
 .debug_line    0x00005e4d      0x825 Middlewares/Third_Party/lwIP/src/core/pbuf.o
 .debug_line    0x00006672      0x5f7 Middlewares/Third_Party/lwIP/src/core/raw.o
 .debug_line    0x00006c69      0xb35 Middlewares/Third_Party/lwIP/src/core/tcp.o
 .debug_line    0x0000779e      0x768 Middlewares/Third_Party/lwIP/src/core/tcp_in.o
 .debug_line    0x00007f06      0x900 Middlewares/Third_Party/lwIP/src/core/tcp_out.o
 .debug_line    0x00008806      0x3d0 Middlewares/Third_Party/lwIP/src/core/timers.o
 .debug_line    0x00008bd6      0x7c1 Middlewares/Third_Party/lwIP/src/core/udp.o
 .debug_line    0x00009397      0x58f Middlewares/Third_Party/lwIP/src/core/ipv4/icmp.o
 .debug_line    0x00009926      0x563 Middlewares/Third_Party/lwIP/src/core/ipv4/inet_chksum.o
 .debug_line    0x00009e89      0x685 Middlewares/Third_Party/lwIP/src/core/ipv4/ip.o
 .debug_line    0x0000a50e      0x2f5 Middlewares/Third_Party/lwIP/src/core/ipv4/ip_addr.o
 .debug_line    0x0000a803      0x75a Middlewares/Third_Party/lwIP/src/core/ipv4/ip_frag.o
 .debug_line    0x0000af5d      0x8a1 Middlewares/Third_Party/lwIP/src/netif/etharp.o
 .debug_line    0x0000b7fe      0x8bf Src/app_ethernet.o
 .debug_line    0x0000c0bd      0x647 Src/enc28j60.o
 .debug_line    0x0000c704      0xb07 Src/ethernetif.o
 .debug_line    0x0000d20b      0x9f1 Src/main.o
 .debug_line    0x0000dbfc      0x8c8 Src/stm32f4xx_hal_msp.o
 .debug_line    0x0000e4c4      0x91e Src/stm32f4xx_it.o
 .debug_line    0x0000ede2      0x8bf Src/system_stm32f4xx.o
 .debug_line    0x0000f6a1      0x2d5 Src/tcp_echoserver.o
 .debug_line    0x0000f976       0x7f startup/startup_stm32f407xx.o

.debug_str      0x00000000    0xc80c7
 .debug_str     0x00000000    0xbd997 Drivers/STM32F4xx_HAL_Driver/Src/stm32f4xx_hal.o
                              0xbde99 (size before relaxing)
 .debug_str     0x000bd997      0x3a8 Drivers/STM32F4xx_HAL_Driver/Src/stm32f4xx_hal_cortex.o
                              0xbdc5f (size before relaxing)
 .debug_str     0x000bdd3f      0x292 Drivers/STM32F4xx_HAL_Driver/Src/stm32f4xx_hal_gpio.o
                              0xbd5ed (size before relaxing)
 .debug_str     0x000bdfd1      0x380 Drivers/STM32F4xx_HAL_Driver/Src/stm32f4xx_hal_rcc.o
                              0xbd7be (size before relaxing)
 .debug_str     0x000be351      0x913 Drivers/STM32F4xx_HAL_Driver/Src/stm32f4xx_hal_spi.o
                              0xbdbd3 (size before relaxing)
 .debug_str     0x000bec64       0x5b Middlewares/Third_Party/lwIP/src/core/def.o
                               0x4d73 (size before relaxing)
 .debug_str     0x000becbf     0x205e Middlewares/Third_Party/lwIP/src/core/dhcp.o
                               0xb2f9 (size before relaxing)
 .debug_str     0x000c0d1d     0x2da8 Middlewares/Third_Party/lwIP/src/core/init.o
                               0x9d6f (size before relaxing)